Archive member included to satisfy reference by file (symbol)

C:/devkitPro/devkitARM/bin/../lib/gcc/arm-none-eabi/13.2.0/thumb\libgcc.a(_call_via_rX.o)
                              mm_main_gba.o (_call_via_r1)
C:/devkitPro/devkitARM/bin/../lib/gcc/arm-none-eabi/13.2.0/thumb\libgcc.a(_aeabi_ldivmod.o)
                              bn_hw_text.o (__aeabi_ldivmod)
C:/devkitPro/devkitARM/bin/../lib/gcc/arm-none-eabi/13.2.0/thumb\libgcc.a(_aeabi_uldivmod.o)
                              bn_hw_text.o (__aeabi_uldivmod)
C:/devkitPro/devkitARM/bin/../lib/gcc/arm-none-eabi/13.2.0/thumb\libgcc.a(_udivmoddi4.o)
                              C:/devkitPro/devkitARM/bin/../lib/gcc/arm-none-eabi/13.2.0/thumb\libgcc.a(_aeabi_ldivmod.o) (__udivmoddi4)

Discarded input sections

 .text          0x00000000        0x0 C:/devkitPro/devkitARM/bin/../lib/gcc/arm-none-eabi/13.2.0/../../../../arm-none-eabi/lib/thumb/gba_crt0.o
 .data          0x00000000        0x0 C:/devkitPro/devkitARM/bin/../lib/gcc/arm-none-eabi/13.2.0/../../../../arm-none-eabi/lib/thumb/gba_crt0.o
 .bss           0x00000000        0x0 C:/devkitPro/devkitARM/bin/../lib/gcc/arm-none-eabi/13.2.0/../../../../arm-none-eabi/lib/thumb/gba_crt0.o
 .text          0x00000000        0x0 C:/devkitPro/devkitARM/bin/../lib/gcc/arm-none-eabi/13.2.0/thumb/crti.o
 .data          0x00000000        0x0 C:/devkitPro/devkitARM/bin/../lib/gcc/arm-none-eabi/13.2.0/thumb/crti.o
 .bss           0x00000000        0x0 C:/devkitPro/devkitARM/bin/../lib/gcc/arm-none-eabi/13.2.0/thumb/crti.o
 .text          0x00000000        0x0 C:/devkitPro/devkitARM/bin/../lib/gcc/arm-none-eabi/13.2.0/thumb/crtbegin.o
 .data          0x00000000        0x0 C:/devkitPro/devkitARM/bin/../lib/gcc/arm-none-eabi/13.2.0/thumb/crtbegin.o
 .bss           0x00000000        0x0 C:/devkitPro/devkitARM/bin/../lib/gcc/arm-none-eabi/13.2.0/thumb/crtbegin.o
 .rodata.all_implied_fbits
                0x00000000       0x24 C:/devkitPro/devkitARM/bin/../lib/gcc/arm-none-eabi/13.2.0/thumb/crtbegin.o
 .text          0x00000000        0x0 _bn_audio_soundbank.bin.o
 .data          0x00000000        0x0 _bn_audio_soundbank.bin.o
 .bss           0x00000000        0x0 _bn_audio_soundbank.bin.o
 .text          0x00000000        0x0 bar_bn_gfx.o
 .data          0x00000000        0x0 bar_bn_gfx.o
 .bss           0x00000000        0x0 bar_bn_gfx.o
 .text          0x00000000        0x0 basic_bn_gfx.o
 .data          0x00000000        0x0 basic_bn_gfx.o
 .bss           0x00000000        0x0 basic_bn_gfx.o
 .rodata        0x00000000      0x820 basic_bn_gfx.o
 .text          0x00000000        0x0 basic2_bn_gfx.o
 .data          0x00000000        0x0 basic2_bn_gfx.o
 .bss           0x00000000        0x0 basic2_bn_gfx.o
 .rodata        0x00000000     0x1020 basic2_bn_gfx.o
 .text          0x00000000        0x0 bean_bn_gfx.o
 .data          0x00000000        0x0 bean_bn_gfx.o
 .bss           0x00000000        0x0 bean_bn_gfx.o
 .text          0x00000000        0x0 black_bn_gfx.o
 .data          0x00000000        0x0 black_bn_gfx.o
 .bss           0x00000000        0x0 black_bn_gfx.o
 .text          0x00000000        0x0 bookshelf_bn_gfx.o
 .data          0x00000000        0x0 bookshelf_bn_gfx.o
 .bss           0x00000000        0x0 bookshelf_bn_gfx.o
 .text          0x00000000        0x0 chair_bn_gfx.o
 .data          0x00000000        0x0 chair_bn_gfx.o
 .bss           0x00000000        0x0 chair_bn_gfx.o
 .text          0x00000000        0x0 chairs_bn_gfx.o
 .data          0x00000000        0x0 chairs_bn_gfx.o
 .bss           0x00000000        0x0 chairs_bn_gfx.o
 .text          0x00000000        0x0 coffee_bn_gfx.o
 .data          0x00000000        0x0 coffee_bn_gfx.o
 .bss           0x00000000        0x0 coffee_bn_gfx.o
 .text          0x00000000        0x0 corner_bn_gfx.o
 .data          0x00000000        0x0 corner_bn_gfx.o
 .bss           0x00000000        0x0 corner_bn_gfx.o
 .text          0x00000000        0x0 couch_bn_gfx.o
 .data          0x00000000        0x0 couch_bn_gfx.o
 .bss           0x00000000        0x0 couch_bn_gfx.o
 .text          0x00000000        0x0 door_bn_gfx.o
 .data          0x00000000        0x0 door_bn_gfx.o
 .bss           0x00000000        0x0 door_bn_gfx.o
 .text          0x00000000        0x0 floor_bn_gfx.o
 .data          0x00000000        0x0 floor_bn_gfx.o
 .bss           0x00000000        0x0 floor_bn_gfx.o
 .text          0x00000000        0x0 floormat_bn_gfx.o
 .data          0x00000000        0x0 floormat_bn_gfx.o
 .bss           0x00000000        0x0 floormat_bn_gfx.o
 .text          0x00000000        0x0 futon_bn_gfx.o
 .data          0x00000000        0x0 futon_bn_gfx.o
 .bss           0x00000000        0x0 futon_bn_gfx.o
 .text          0x00000000        0x0 games_bn_gfx.o
 .data          0x00000000        0x0 games_bn_gfx.o
 .bss           0x00000000        0x0 games_bn_gfx.o
[...]
Memory Configuration

Name             Origin             Length             Attributes
rom              0x08000000         0x02000000
iwram            0x03000000         0x00008000
ewram            0x02000000         0x00040000
*default*        0x00000000         0xffffffff

Linker script and memory map

                0x08000000                        __text_start = ORIGIN (rom)
                0x02040000                        __eheap_end = (ORIGIN (ewram) + LENGTH (ewram))
                0x03000000                        __iwram_start = ORIGIN (iwram)
                0x03008000                        __iwram_top = (ORIGIN (iwram) + LENGTH (iwram))
                0x03007fa0                        __sp_irq = (__iwram_top - 0x60)
                0x03007f00                        __sp_usr = (__sp_irq - 0xa0)
                0x03007ff8                        __irq_flags = 0x3007ff8
                0x08000000                        . = __text_start

.crt0           0x08000000      0x210
 *(.crt0)
 .crt0          0x08000000      0x210 C:/devkitPro/devkitARM/bin/../lib/gcc/arm-none-eabi/13.2.0/../../../../arm-none-eabi/lib/thumb/gba_crt0.o
                0x08000000                _start
                0x080000c4                __boot_method
                0x080000c5                __slave_number
                0x080000e0                start_vector
                0x08000210                        . = ALIGN (0x4)

.init           0x08000210        0xc
 *(SORT_NONE(.init))
 .init          0x08000210        0x4 C:/devkitPro/devkitARM/bin/../lib/gcc/arm-none-eabi/13.2.0/thumb/crti.o
                0x08000210                _init
 .init          0x08000214        0x8 C:/devkitPro/devkitARM/bin/../lib/gcc/arm-none-eabi/13.2.0/thumb/crtn.o

.plt            0x0800021c        0x0
 *(.plt)
                0x0800021c                        . = ALIGN (0x4)

.text           0x08000220    0x1ce68
 *(EXCLUDE_FILE(*.iwram*) .text*)
 .text.__do_global_dtors_aux
                0x08000220       0x2c C:/devkitPro/devkitARM/bin/../lib/gcc/arm-none-eabi/13.2.0/thumb/crtbegin.o
 .text.frame_dummy
                0x0800024c       0x24 C:/devkitPro/devkitARM/bin/../lib/gcc/arm-none-eabi/13.2.0/thumb/crtbegin.o
 .text._ZN6Player12spriteChangeEi
                0x08000270      0x1ec main.o
                0x08000270                Player::spriteChange(int)
 .text._Z5introv
                0x0800045c       0x94 main.o
                0x0800045c                intro()
 .text._ZN3_bn6assert9show_argsIJA19_ciA4_ciEEEvPKcS5_S5_iDpRKT_
                0x080004f0       0x6c main.o
                0x080004f0                void _bn::assert::show_args<char [19], int, char [4], int>(char const*, char const*, char const*, int, char const (&) [19], int const&, char const (&) [4], int const&)
 .text._ZN2bn7istring6assignEPKc.isra.0
                0x0800055c       0x8c main.o
 .text._ZN2bn7ivectorI8DialogueE7_assignERKS2_.isra.0
                0x080005e8       0xf8 main.o
 .text._ZN3_bn6assert9show_argsIJA16_ciA4_ciEEEvPKcS5_S5_iDpRKT_
                0x080006e0       0x6c main.o
                0x080006e0                void _bn::assert::show_args<char [16], int, char [4], int>(char const*, char const*, char const*, int, char const (&) [16], int const&, char const (&) [4], int const&)
 .text._ZN3_bn6assert9show_argsIA15_cEEvPKcS4_S4_iRKT_
                0x0800074c       0x50 main.o
                0x0800074c                void _bn::assert::show_args<char [15]>(char const*, char const*, char const*, int, char const (&) [15])
 .text._ZN2bn6stringILi50EEC2ERKS1_
                0x0800079c       0x7c main.o
                0x0800079c                bn::string<50>::string(bn::string<50> const&)
                0x0800079c                bn::string<50>::string(bn::string<50> const&)
 .text._ZN2bn7ivectorI8DialogueE9push_backERKS1_
                0x08000818      0x100 main.o
                0x08000818                bn::ivector<Dialogue>::push_back(Dialogue const&)
 .text._ZN2bn7ivectorI12InteractableE9push_backERKS1_
                0x08000918      0x170 main.o
                0x08000918                bn::ivector<Interactable>::push_back(Interactable const&)
 .text._ZN2bn6vectorI8DialogueLi5EEC2EONS_7ivectorIS1_EE
                0x08000a88      0x148 main.o
                0x08000a88                bn::vector<Dialogue, 5>::vector(bn::ivector<Dialogue>&&)
                0x08000a88                bn::vector<Dialogue, 5>::vector(bn::ivector<Dialogue>&&)
 .text._Z8entrywayii
                0x08000bd0     0x33d8 main.o
                0x08000bd0                entryway(int, int)
 .text._Z5atticv
                0x08003fa8     0x2764 main.o
                0x08003fa8                attic()
 .text.startup.main
                0x0800670c       0x30 main.o
                0x0800670c                main
 .text._ZN3_bn6assert9show_argsIA16_ciEEvPKcS4_S4_iRKT_RKT0_
                0x0800673c       0x58 common_info.o
                0x0800673c                void _bn::assert::show_args<char [16], int>(char const*, char const*, char const*, int, char const (&) [16], int const&)
 .text._ZN3_bn6assert9show_argsIA15_ciEEvPKcS4_S4_iRKT_RKT0_
                0x08006794       0x58 common_stats.o
                0x08006794                void _bn::assert::show_args<char [15], int>(char const*, char const*, char const*, int, char const (&) [15], int const&)
 .text._ZN2bn13ostringstream6appendILi12EEEvNS_7fixed_tIXT_EEE
                0x080067ec       0xa0 common_stats.o
                0x080067ec                void bn::ostringstream::append<12>(bn::fixed_t<12>)
 .text._ZN2bn13ostringstream11append_argsIiJA4_ciEEEvRKT_DpRKT0_.isra.0
                0x0800688c       0x24 bn_affine_bg_animate_actions.o
 .text._ZN3_bn6assert9show_argsIJA23_ciA4_ciEEEvPKcS5_S5_iDpRKT_
                0x080068b0       0x5c bn_affine_bg_animate_actions.o
                0x080068b0                void _bn::assert::show_args<char [23], int, char [4], int>(char const*, char const*, char const*, int, char const (&) [23], int const&, char const (&) [4], int const&)
 .text._ZN3_bn6assert9show_argsIA24_ciEEvPKcS4_S4_iRKT_RKT0_
                0x0800690c       0x58 bn_affine_bg_animate_actions.o
                0x0800690c                void _bn::assert::show_args<char [24], int>(char const*, char const*, char const*, int, char const (&) [24], int const&)
 .text._ZN3_bn6assert9show_argsIA28_ciEEvPKcS4_S4_iRKT_RKT0_
                0x08006964       0x58 bn_affine_bg_animate_actions.o
                0x08006964                void _bn::assert::show_args<char [28], int>(char const*, char const*, char const*, int, char const (&) [28], int const&)
 .text._ZN2bn13audio_manager12_GLOBAL__N_111static_dataD2Ev
                0x080069bc        0x4 bn_audio_manager.o
 .text._ZN2bn13audio_manager4initEv
                0x080069c0       0x48 bn_audio_manager.o
                0x080069c0                bn::audio_manager::init()
 .text._ZN2bn13audio_manager7disableEv
                0x08006a08        0xc bn_audio_manager.o
                0x08006a08                bn::audio_manager::disable()
 .text._ZN2bn13audio_manager10sound_dataEt
                0x08006a14       0x64 bn_audio_manager.o
                0x08006a14                bn::audio_manager::sound_data(unsigned short)
 .text._ZN2bn13audio_manager6updateEv
                0x08006a78        0xc bn_audio_manager.o
                0x08006a78                bn::audio_manager::update()
 .text._ZN2bn13audio_manager6commitEv
                0x08006a84        0xc bn_audio_manager.o
                0x08006a84                bn::audio_manager::commit()
 .text._ZN2bn13audio_manager4stopEv
                0x08006a90       0x6c bn_audio_manager.o
                0x08006a90                bn::audio_manager::stop()
 .text._ZN3_bn6assert9show_argsIA18_ciEEvPKcS4_S4_iRKT_RKT0_
                0x08006afc       0x58 bn_audio_manager.o
                0x08006afc                void _bn::assert::show_args<char [18], int>(char const*, char const*, char const*, int, char const (&) [18], int const&)
 .text._ZN3_bn6assert9show_argsIA14_ciEEvPKcS4_S4_iRKT_RKT0_
                0x08006b54       0x58 bn_audio_manager.o
                0x08006b54                void _bn::assert::show_args<char [14], int>(char const*, char const*, char const*, int, char const (&) [14], int const&)
 .text._ZN3_bn6assert9show_argsIA26_ciEEvPKcS4_S4_iRKT_RKT0_
                0x08006bac       0x58 bn_audio_manager.o
                0x08006bac                void _bn::assert::show_args<char [26], int>(char const*, char const*, char const*, int, char const (&) [26], int const&)
 .text._ZN3_bn6assert9show_argsIA33_cEEvPKcS4_S4_iRKT_
                0x08006c04       0x50 bn_audio_manager.o
                0x08006c04                void _bn::assert::show_args<char [33]>(char const*, char const*, char const*, int, char const (&) [33])
 .text._ZN3_bn6assert9show_argsIA25_cEEvPKcS4_S4_iRKT_
                0x08006c54       0x50 bn_audio_manager.o
                0x08006c54                void _bn::assert::show_args<char [25]>(char const*, char const*, char const*, int, char const (&) [25])
 .text._ZN3_bn6assert9show_argsIA24_cEEvPKcS4_S4_iRKT_
                0x08006ca4       0x50 bn_audio_manager.o
                0x08006ca4                void _bn::assert::show_args<char [24]>(char const*, char const*, char const*, int, char const (&) [24])
 .text._ZN3_bn6assert9show_argsIA26_cEEvPKcS4_S4_iRKT_
                0x08006cf4       0x50 bn_audio_manager.o
                0x08006cf4                void _bn::assert::show_args<char [26]>(char const*, char const*, char const*, int, char const (&) [26])
 .text._ZN3_bn6assert9show_argsIA32_cEEvPKcS4_S4_iRKT_
                0x08006d44       0x50 bn_audio_manager.o
                0x08006d44                void _bn::assert::show_args<char [32]>(char const*, char const*, char const*, int, char const (&) [32])
 .text._ZN3_bn6assert9show_argsIA25_ciEEvPKcS4_S4_iRKT_RKT0_
                0x08006d94       0x58 bn_audio_manager.o
                0x08006d94                void _bn::assert::show_args<char [25], int>(char const*, char const*, char const*, int, char const (&) [25], int const&)
 .text._ZN2bn13audio_manager16execute_commandsEv
                0x08006dec      0x718 bn_audio_manager.o
                0x08006dec                bn::audio_manager::execute_commands()
 .text._ZN3_bn6assert9show_argsIA17_cEEvPKcS4_S4_iRKT_
                0x08007504       0x50 bn_audio_manager.o
                0x08007504                void _bn::assert::show_args<char [17]>(char const*, char const*, char const*, int, char const (&) [17])
 .text._ZN2bn13audio_manager10play_soundEiNS_10sound_itemE
                0x08007554      0x1f8 bn_audio_manager.o
                0x08007554                bn::audio_manager::play_sound(int, bn::sound_item)
 .text._ZNK2bn10sound_item4playEv
                0x0800774c       0x10 bn_audio_manager.o
                0x0800774c                bn::sound_item::play() const
 .text.startup._GLOBAL__sub_I__ZN2bn5audio16update_on_vblankEv
                0x0800775c       0x98 bn_audio_manager.o
 .text._ZN3_bn6assert9show_argsIA23_cEEvPKcS4_S4_iRKT_
                0x080077f4       0x50 bn_best_fit_allocator.o
                0x080077f4                void _bn::assert::show_args<char [23]>(char const*, char const*, char const*, int, char const (&) [23])
 .text._ZN2bn18best_fit_allocatorD2Ev
                0x08007844       0x34 bn_best_fit_allocator.o
                0x08007844                bn::best_fit_allocator::~best_fit_allocator()
                0x08007844                bn::best_fit_allocator::~best_fit_allocator()
 .text._ZN3_bn6assert9show_argsIA20_ciEEvPKcS4_S4_iRKT_RKT0_
                0x08007878       0x58 bn_best_fit_allocator.o
                0x08007878                void _bn::assert::show_args<char [20], int>(char const*, char const*, char const*, int, char const (&) [20], int const&)
 .text._ZN3_bn6assert9show_argsIA14_cEEvPKcS4_S4_iRKT_
                0x080078d0       0x50 bn_best_fit_allocator.o
                0x080078d0                void _bn::assert::show_args<char [14]>(char const*, char const*, char const*, int, char const (&) [14])
 .text._ZN3_bn6assert9show_argsIA21_cEEvPKcS4_S4_iRKT_
                0x08007920       0x50 bn_best_fit_allocator.o
                0x08007920                void _bn::assert::show_args<char [21]>(char const*, char const*, char const*, int, char const (&) [21])
 .text._ZN2bn18best_fit_allocator5resetEPvi
                0x08007970       0xbc bn_best_fit_allocator.o
                0x08007970                bn::best_fit_allocator::reset(void*, int)
 .text._ZN2bn17bg_blocks_manager12_GLOBAL__N_117_hw_commit_offsetEPKtjtPt
                0x08007a2c       0x90 bn_bg_blocks_manager.o
 .text._ZN2bn13ostringstream11append_argsIiJA4_ctEEEvRKT_DpRKT0_.isra.0
                0x08007abc       0x24 bn_bg_blocks_manager.o
 .text._ZN2bn13ostringstream11append_argsIiJA4_ciEEEvRKT_DpRKT0_.isra.0
                0x08007ae0       0x24 bn_bg_blocks_manager.o
 .text._ZNK2bn18regular_bg_map_ptr2idEv
                0x08007b04       0x18 bn_bg_blocks_manager.o
                0x08007b04                bn::regular_bg_map_ptr::id() const
 .text._ZNK2bn18regular_bg_map_ptr10dimensionsEv
                0x08007b1c       0x20 bn_bg_blocks_manager.o
                0x08007b1c                bn::regular_bg_map_ptr::dimensions() const
 .text._ZNK2bn18regular_bg_map_ptr3bigEv
                0x08007b3c       0x18 bn_bg_blocks_manager.o
                0x08007b3c                bn::regular_bg_map_ptr::big() const
 .text._ZNK2bn20regular_bg_tiles_ptr3cbbEv
                0x08007b54       0x18 bn_bg_blocks_manager.o
                0x08007b54                bn::regular_bg_tiles_ptr::cbb() const
 .text._ZNK2bn17affine_bg_map_ptr2idEv
                0x08007b6c       0x18 bn_bg_blocks_manager.o
                0x08007b6c                bn::affine_bg_map_ptr::id() const
 .text._ZNK2bn17affine_bg_map_ptr10dimensionsEv
                0x08007b84       0x20 bn_bg_blocks_manager.o
                0x08007b84                bn::affine_bg_map_ptr::dimensions() const
 .text._ZNK2bn19affine_bg_tiles_ptr3cbbEv
                0x08007ba4       0x18 bn_bg_blocks_manager.o
                0x08007ba4                bn::affine_bg_tiles_ptr::cbb() const
 .text._ZN2bn17bg_blocks_manager10log_statusEv
                0x08007bbc      0x440 bn_bg_blocks_manager.o
                0x08007bbc                bn::bg_blocks_manager::log_status()
 .text._ZN2bn17bg_blocks_manager15decrease_usagesEi
                0x08007ffc       0x98 bn_bg_blocks_manager.o
                0x08007ffc                bn::bg_blocks_manager::decrease_usages(int)
 .text._ZN2bn18regular_bg_map_ptrD2Ev
                0x08008094       0x18 bn_bg_blocks_manager.o
                0x08008094                bn::regular_bg_map_ptr::~regular_bg_map_ptr()
                0x08008094                bn::regular_bg_map_ptr::~regular_bg_map_ptr()
 .text._ZN2bn17affine_bg_map_ptrD2Ev
                0x080080ac       0x18 bn_bg_blocks_manager.o
                0x080080ac                bn::affine_bg_map_ptr::~affine_bg_map_ptr()
                0x080080ac                bn::affine_bg_map_ptr::~affine_bg_map_ptr()
 .text._ZN2bn17bg_blocks_manager12_GLOBAL__N_111static_dataD2Ev
                0x080080c4       0x54 bn_bg_blocks_manager.o
 .text._ZN2bn17bg_blocks_manager12_GLOBAL__N_110items_list12insert_afterEiRKNS1_9item_typeE.constprop.0
                0x08008118      0x26c bn_bg_blocks_manager.o
 .text._ZN2bn17bg_blocks_manager4initEv
                0x08008384       0xbc bn_bg_blocks_manager.o
                0x08008384                bn::bg_blocks_manager::init()
 .text._ZN2bn17bg_blocks_manager11must_commitEi
                0x08008440       0x18 bn_bg_blocks_manager.o
                0x08008440                bn::bg_blocks_manager::must_commit(int)
 .text._ZN2bn17bg_blocks_manager6updateEv
                0x08008458      0x258 bn_bg_blocks_manager.o
                0x08008458                bn::bg_blocks_manager::update()
 .text._ZN3_bn6assert9show_argsIA52_ctEEvPKcS4_S4_iRKT_RKT0_
                0x080086b0       0x58 bn_bg_blocks_manager.o
                0x080086b0                void _bn::assert::show_args<char [52], unsigned short>(char const*, char const*, char const*, int, char const (&) [52], unsigned short const&)
 .text._ZN3_bn6assert9show_argsIJA20_ciA4_ctEEEvPKcS5_S5_iDpRKT_
                0x08008708       0x5c bn_bg_blocks_manager.o
                0x08008708                void _bn::assert::show_args<char [20], int, char [4], unsigned short>(char const*, char const*, char const*, int, char const (&) [20], int const&, char const (&) [4], unsigned short const&)
 .text._ZN3_bn6assert9show_argsIJA22_ciA4_ciEEEvPKcS5_S5_iDpRKT_
                0x08008764       0x5c bn_bg_blocks_manager.o
                0x08008764                void _bn::assert::show_args<char [22], int, char [4], int>(char const*, char const*, char const*, int, char const (&) [22], int const&, char const (&) [4], int const&)
 .text._ZN3_bn6assert9show_argsIJA58_ciA4_ciEEEvPKcS5_S5_iDpRKT_
                0x080087c0       0x5c bn_bg_blocks_manager.o
                0x080087c0                void _bn::assert::show_args<char [58], int, char [4], int>(char const*, char const*, char const*, int, char const (&) [58], int const&, char const (&) [4], int const&)
 .text._ZN3_bn6assert9show_argsIA38_cEEvPKcS4_S4_iRKT_
                0x0800881c       0x50 bn_bg_blocks_manager.o
                0x0800881c                void _bn::assert::show_args<char [38]>(char const*, char const*, char const*, int, char const (&) [38])
 .text._ZN3_bn6assert9show_argsIA27_ciEEvPKcS4_S4_iRKT_RKT0_
                0x0800886c       0x58 bn_bg_blocks_manager.o
                0x0800886c                void _bn::assert::show_args<char [27], int>(char const*, char const*, char const*, int, char const (&) [27], int const&)
 .text._ZN2bn17bg_blocks_manager12_GLOBAL__N_110_hw_commitEPKtNS_16compression_typeEibPt
                0x080088c4       0x6c bn_bg_blocks_manager.o
 .text._ZN3_bn6assert9show_argsIA22_ciEEvPKcS4_S4_iRKT_RKT0_
                0x08008930       0x58 bn_bg_blocks_manager.o
                0x08008930                void _bn::assert::show_args<char [22], int>(char const*, char const*, char const*, int, char const (&) [22], int const&)
 .text._ZN3_bn6assert9show_argsIA19_cEEvPKcS4_S4_iRKT_
                0x08008988       0x50 bn_bg_blocks_manager.o
                0x08008988                void _bn::assert::show_args<char [19]>(char const*, char const*, char const*, int, char const (&) [19])
 .text._ZN2bn17bg_blocks_manager12_GLOBAL__N_116_find_tiles_implEPKtNS_16compression_typeEib
                0x080089d8      0x104 bn_bg_blocks_manager.o
 .text._ZN3_bn6assert9show_argsIJA32_cA15_cPKtA16_ciA17_ciA34_cN2bn11string_viewEEEEvPKcSC_SC_iDpRKT_
                0x08008adc       0x94 bn_bg_blocks_manager.o
                0x08008adc                void _bn::assert::show_args<char [32], char [15], unsigned short const*, char [16], int, char [17], int, char [34], bn::string_view>(char const*, char const*, char const*, int, char const (&) [32], char const (&) [15], unsigned short const* const&, char const (&) [16], int const&, char const (&) [17], int const&, char const (&) [34], bn::string_view const&)
 .text._ZN3_bn6assert9show_argsIJA30_cA13_cPKtA14_ciA15_ciA17_ciA34_cN2bn11string_viewEEEEvPKcSD_SD_iDpRKT_
                0x08008b70       0xa8 bn_bg_blocks_manager.o
                0x08008b70                void _bn::assert::show_args<char [30], char [13], unsigned short const*, char [14], int, char [15], int, char [17], int, char [34], bn::string_view>(char const*, char const*, char const*, int, char const (&) [30], char const (&) [13], unsigned short const* const&, char const (&) [14], int const&, char const (&) [15], int const&, char const (&) [17], int const&, char const (&) [34], bn::string_view const&)
 .text._ZN3_bn6assert9show_argsIA31_cEEvPKcS4_S4_iRKT_
                0x08008c18       0x50 bn_bg_blocks_manager.o
                0x08008c18                void _bn::assert::show_args<char [31]>(char const*, char const*, char const*, int, char const (&) [31])
 .text._ZN3_bn6assert9show_argsIJA37_ciA4_ciEEEvPKcS5_S5_iDpRKT_
                0x08008c68       0x5c bn_bg_blocks_manager.o
                0x08008c68                void _bn::assert::show_args<char [37], int, char [4], int>(char const*, char const*, char const*, int, char const (&) [37], int const&, char const (&) [4], int const&)
 .text._ZN3_bn6assert9show_argsIA22_cEEvPKcS4_S4_iRKT_
                0x08008cc4       0x50 bn_bg_blocks_manager.o
                0x08008cc4                void _bn::assert::show_args<char [22]>(char const*, char const*, char const*, int, char const (&) [22])
 .text._ZNK2bn17affine_bg_map_ptr5tilesEv
                0x08008d14       0x48 bn_bg_blocks_manager.o
                0x08008d14                bn::affine_bg_map_ptr::tiles() const
 .text._ZNK2bn18regular_bg_map_ptr5tilesEv
                0x08008d5c       0x48 bn_bg_blocks_manager.o
                0x08008d5c                bn::regular_bg_map_ptr::tiles() const
 .text._ZNK2bn18regular_bg_map_ptr3bppEv
                0x08008da4       0x4c bn_bg_blocks_manager.o
                0x08008da4                bn::regular_bg_map_ptr::bpp() const
 .text._ZN2bn17bg_blocks_manager21update_affine_map_rowEiii
                0x08008df0      0x164 bn_bg_blocks_manager.o
                0x08008df0                bn::bg_blocks_manager::update_affine_map_row(int, int, int)
 .text._ZN2bn17bg_blocks_manager28update_affine_map_bottom_rowEiii
                0x08008f54       0x2c bn_bg_blocks_manager.o
                0x08008f54                bn::bg_blocks_manager::update_affine_map_bottom_row(int, int, int)
 .text._ZN2bn17bg_blocks_manager23set_affine_map_positionEiii
                0x08008f80      0x20c bn_bg_blocks_manager.o
                0x08008f80                bn::bg_blocks_manager::set_affine_map_position(int, int, int)
 .text._ZN2bn17bg_blocks_manager21update_affine_map_colEiii
                0x0800918c      0x350 bn_bg_blocks_manager.o
                0x0800918c                bn::bg_blocks_manager::update_affine_map_col(int, int, int)
 .text._ZN2bn17bg_blocks_manager27update_affine_map_right_colEiii
                0x080094dc       0x2c bn_bg_blocks_manager.o
                0x080094dc                bn::bg_blocks_manager::update_affine_map_right_col(int, int, int)
 .text._ZN2bn17bg_blocks_manager22update_regular_map_rowEiii
                0x08009508      0x17c bn_bg_blocks_manager.o
                0x08009508                bn::bg_blocks_manager::update_regular_map_row(int, int, int)
 .text._ZN2bn17bg_blocks_manager22update_regular_map_colEiii
                0x08009684      0x1f8 bn_bg_blocks_manager.o
                0x08009684                bn::bg_blocks_manager::update_regular_map_col(int, int, int)
 .text._ZN2bn17bg_blocks_manager24set_regular_map_positionEiii
                0x0800987c      0x200 bn_bg_blocks_manager.o
                0x0800987c                bn::bg_blocks_manager::set_regular_map_position(int, int, int)
 .text._ZN2bn17bg_blocks_manager33set_regular_map_tiles_and_paletteEiONS_20regular_bg_tiles_ptrEONS_14bg_palette_ptrE
                0x08009a7c      0x2e4 bn_bg_blocks_manager.o
                0x08009a7c                bn::bg_blocks_manager::set_regular_map_tiles_and_palette(int, bn::regular_bg_tiles_ptr&&, bn::bg_palette_ptr&&)
 .text._ZN2bn17bg_blocks_manager21set_regular_map_tilesEiONS_20regular_bg_tiles_ptrE
                0x08009d60      0x25c bn_bg_blocks_manager.o
                0x08009d60                bn::bg_blocks_manager::set_regular_map_tiles(int, bn::regular_bg_tiles_ptr&&)
 .text._ZN2bn17bg_blocks_manager23set_regular_map_paletteEiONS_14bg_palette_ptrE
                0x08009fbc      0x220 bn_bg_blocks_manager.o
                0x08009fbc                bn::bg_blocks_manager::set_regular_map_palette(int, bn::bg_palette_ptr&&)
 .text._ZN2bn17bg_blocks_manager12_GLOBAL__N_122_find_regular_map_implERKNS_19regular_bg_map_itemEPKtRKNS_20regular_bg_tiles_ptrERKNS_14bg_palette_ptrE
                0x0800a1dc      0x288 bn_bg_blocks_manager.o
 .text._ZN2bn17bg_blocks_manager12_GLOBAL__N_112_commit_itemERKNS1_9item_typeEb
                0x0800a464      0x1ac bn_bg_blocks_manager.o
 .text._ZN2bn17bg_blocks_manager19commit_uncompressedEb
                0x0800a610       0x58 bn_bg_blocks_manager.o
                0x0800a610                bn::bg_blocks_manager::commit_uncompressed(bool)
 .text._ZN2bn17bg_blocks_manager17commit_compressedEv
                0x0800a668       0x48 bn_bg_blocks_manager.o
                0x0800a668                bn::bg_blocks_manager::commit_compressed()
 .text._ZN2bn17bg_blocks_manager12_GLOBAL__N_112_create_itemEiibONS1_11create_dataE
                0x0800a6b0      0x3d0 bn_bg_blocks_manager.o
 .text._ZN2bn17bg_blocks_manager12_GLOBAL__N_112_create_implEONS1_11create_dataE
                0x0800aa80      0x1fc bn_bg_blocks_manager.o
 .text._ZN2bn17bg_blocks_manager20create_regular_tilesERKNS_21regular_bg_tiles_itemEb
                0x0800ac7c      0x134 bn_bg_blocks_manager.o
                0x0800ac7c                bn::bg_blocks_manager::create_regular_tiles(bn::regular_bg_tiles_item const&, bool)
 .text._ZN2bn17bg_blocks_manager18create_regular_mapERKNS_19regular_bg_map_itemEPKtONS_20regular_bg_tiles_ptrEONS_14bg_palette_ptrEb
                0x0800adb0      0x284 bn_bg_blocks_manager.o
                0x0800adb0                bn::bg_blocks_manager::create_regular_map(bn::regular_bg_map_item const&, unsigned short const*, bn::regular_bg_tiles_ptr&&, bn::bg_palette_ptr&&, bool)
 .text._ZN2bn18regular_bg_map_ptr6createERKNS_15regular_bg_itemEi
                0x0800b034       0xcc bn_bg_blocks_manager.o
                0x0800b034                bn::regular_bg_map_ptr::create(bn::regular_bg_item const&, int)
 .text._ZN3_bn6assert9show_argsIA39_ciEEvPKcS4_S4_iRKT_RKT0_
                0x0800b100       0x58 bn_bg_blocks_manager.o
                0x0800b100                void _bn::assert::show_args<char [39], int>(char const*, char const*, char const*, int, char const (&) [39], int const&)
 .text.startup._GLOBAL__sub_I__ZN2bn7bg_maps16used_cells_countEv
                0x0800b158       0x88 bn_bg_blocks_manager.o
 .text._ZN2bn11bgs_manager12_GLOBAL__N_129_check_unique_regular_big_mapERNS1_9item_typeE
                0x0800b1e0       0x68 bn_bgs_manager.o
 .text._ZN2bn11bgs_manager12_GLOBAL__N_111static_dataD2Ev
                0x0800b248       0x10 bn_bgs_manager.o
 .text._ZN2bn11bgs_manager12_GLOBAL__N_133_update_item_hw_affine_attributesERKNS1_9item_typeE
                0x0800b258       0x48 bn_bgs_manager.o
 .text._ZN2bn14regular_bg_ptr11set_visibleEb
                0x0800b2a0       0x30 bn_bgs_manager.o
                0x0800b2a0                bn::regular_bg_ptr::set_visible(bool)
 .text._ZN2bn11bgs_manager4initEv
                0x0800b2d0       0x8c bn_bgs_manager.o
                0x0800b2d0                bn::bgs_manager::init()
 .text._ZN2bn11bgs_manager5hw_idEPv
                0x0800b35c        0x8 bn_bgs_manager.o
                0x0800b35c                bn::bgs_manager::hw_id(void*)
 .text._ZN2bn11bgs_manager11hw_positionEPv
                0x0800b364        0x4 bn_bgs_manager.o
                0x0800b364                bn::bgs_manager::hw_position(void*)
 .text._ZN2bn11bgs_manager14mat_attributesEPv
                0x0800b368        0x4 bn_bgs_manager.o
                0x0800b368                bn::bgs_manager::mat_attributes(void*)
 .text._ZN2bn11bgs_manager18set_show_in_windowEPvib
                0x0800b36c       0x18 bn_bgs_manager.o
                0x0800b36c                bn::bgs_manager::set_show_in_window(void*, int, bool)
 .text._ZN2bn11bgs_manager20update_windows_flagsEPj
                0x0800b384       0x7c bn_bgs_manager.o
                0x0800b384                bn::bgs_manager::update_windows_flags(unsigned int*)
 .text._ZN2bn11bgs_manager10set_cameraEPvONS_10camera_ptrE
                0x0800b400      0x180 bn_bgs_manager.o
                0x0800b400                bn::bgs_manager::set_camera(void*, bn::camera_ptr&&)
 .text._ZN2bn14regular_bg_ptr10set_cameraERKNS_10camera_ptrE
                0x0800b580       0x24 bn_bgs_manager.o
                0x0800b580                bn::regular_bg_ptr::set_camera(bn::camera_ptr const&)
 .text._ZN2bn11bgs_manager14update_camerasEv
                0x0800b5a4      0x14c bn_bgs_manager.o
                0x0800b5a4                bn::bgs_manager::update_cameras()
 .text._ZN2bn11bgs_manager28update_regular_map_tiles_cbbEii
                0x0800b6f0       0xa8 bn_bgs_manager.o
                0x0800b6f0                bn::bgs_manager::update_regular_map_tiles_cbb(int, int)
 .text._ZN2bn11bgs_manager30update_regular_map_palette_bppEiNS_8bpp_modeE
                0x0800b798       0xac bn_bgs_manager.o
                0x0800b798                bn::bgs_manager::update_regular_map_palette_bpp(int, bn::bpp_mode)
 .text._ZN2bn11bgs_manager36fill_hblank_effect_regular_positionsEiPKNS_7fixed_tILi12EEEPt
                0x0800b844       0x38 bn_bgs_manager.o
                0x0800b844                bn::bgs_manager::fill_hblank_effect_regular_positions(int, bn::fixed_t<12> const*, unsigned short*)
 .text._ZN2bn11bgs_manager45fill_hblank_effect_pivot_horizontal_positionsEPvPKNS_7fixed_tILi12EEEPj
                0x0800b87c       0x24 bn_bgs_manager.o
                0x0800b87c                bn::bgs_manager::fill_hblank_effect_pivot_horizontal_positions(void*, bn::fixed_t<12> const*, unsigned int*)
 .text._ZN2bn11bgs_manager43fill_hblank_effect_pivot_vertical_positionsEPvPKNS_7fixed_tILi12EEEPj
                0x0800b8a0       0x24 bn_bgs_manager.o
                0x0800b8a0                bn::bgs_manager::fill_hblank_effect_pivot_vertical_positions(void*, bn::fixed_t<12> const*, unsigned int*)
 .text._ZN2bn11bgs_manager6commitEb
                0x0800b8c4       0x58 bn_bgs_manager.o
                0x0800b8c4                bn::bgs_manager::commit(bool)
 .text._ZN2bn11bgs_manager4stopEv
                0x0800b91c       0x28 bn_bgs_manager.o
                0x0800b91c                bn::bgs_manager::stop()
 .text._ZN3_bn6assert9show_argsIA17_ciEEvPKcS4_S4_iRKT_RKT0_
                0x0800b944       0x58 bn_bgs_manager.o
                0x0800b944                void _bn::assert::show_args<char [17], int>(char const*, char const*, char const*, int, char const (&) [17], int const&)
 .text._ZN3_bn6assert9show_argsIA30_cEEvPKcS4_S4_iRKT_
                0x0800b99c       0x50 bn_bgs_manager.o
                0x0800b99c                void _bn::assert::show_args<char [30]>(char const*, char const*, char const*, int, char const (&) [30])
 .text._ZN3_bn6assert9show_argsIA27_cEEvPKcS4_S4_iRKT_
                0x0800b9ec       0x50 bn_bgs_manager.o
                0x0800b9ec                void _bn::assert::show_args<char [27]>(char const*, char const*, char const*, int, char const (&) [27])
 .text._ZN3_bn6assert9show_argsIA46_cEEvPKcS4_S4_iRKT_
                0x0800ba3c       0x50 bn_bgs_manager.o
                0x0800ba3c                void _bn::assert::show_args<char [46]>(char const*, char const*, char const*, int, char const (&) [46])
 .text._ZN2bn11bgs_manager15rebuild_handlesEv.part.0
                0x0800ba8c      0x1a8 bn_bgs_manager.o
 .text._ZN2bn11bgs_manager37fill_hblank_effect_regular_attributesEPvPKNS_21regular_bg_attributesEPt
                0x0800bc34      0x100 bn_bgs_manager.o
                0x0800bc34                bn::bgs_manager::fill_hblank_effect_regular_attributes(void*, bn::regular_bg_attributes const*, unsigned short*)
 .text._ZN2bn11bgs_manager6updateEv
                0x0800bd34      0x164 bn_bgs_manager.o
                0x0800bd34                bn::bgs_manager::update()
 .text._ZN2bn11bgs_manager15commit_big_mapsEv
                0x0800be98      0x1d0 bn_bgs_manager.o
                0x0800be98                bn::bgs_manager::commit_big_maps()
 .text._ZN2bn11bgs_manager12_GLOBAL__N_19item_type18update_regular_mapEv
                0x0800c068      0x1bc bn_bgs_manager.o
 .text._ZN2bn11bgs_manager36fill_hblank_effect_affine_attributesEPvPKNS_20affine_bg_attributesEPt
                0x0800c224      0x104 bn_bgs_manager.o
                0x0800c224                bn::bgs_manager::fill_hblank_effect_affine_attributes(void*, bn::affine_bg_attributes const*, unsigned short*)
 .text._ZN2bn18regular_bg_builder11release_mapEv
                0x0800c328       0x78 bn_bgs_manager.o
                0x0800c328                bn::regular_bg_builder::release_map()
 .text._ZN2bn11bgs_manager11regular_mapEPv
                0x0800c3a0       0x34 bn_bgs_manager.o
                0x0800c3a0                bn::bgs_manager::regular_map(void*)
 .text._ZN2bn11bgs_manager10affine_mapEPv
                0x0800c3d4       0x34 bn_bgs_manager.o
                0x0800c3d4                bn::bgs_manager::affine_map(void*)
 .text._ZN2bn11bgs_manager12_GLOBAL__N_112_insert_itemERNS1_9item_typeE
                0x0800c408      0x10c bn_bgs_manager.o
 .text._ZN3_bn6assert9show_argsIA13_cEEvPKcS4_S4_iRKT_
                0x0800c514       0x50 bn_bgs_manager.o
                0x0800c514                void _bn::assert::show_args<char [13]>(char const*, char const*, char const*, int, char const (&) [13])
 .text._ZN2bn11bgs_manager6createEONS_18regular_bg_builderE
                0x0800c564      0x1d4 bn_bgs_manager.o
                0x0800c564                bn::bgs_manager::create(bn::regular_bg_builder&&)
 .text._ZNK2bn15regular_bg_item9create_bgENS_7fixed_tILi12EEES2_
                0x0800c738       0x78 bn_bgs_manager.o
                0x0800c738                bn::regular_bg_item::create_bg(bn::fixed_t<12>, bn::fixed_t<12>) const
 .text._ZN2bn5eraseIPNS_11bgs_manager12_GLOBAL__N_19item_typeEEENS_7ivectorIT_E9size_typeERS7_RKS6_.constprop.0.isra.0
                0x0800c7b0      0x13c bn_bgs_manager.o
 .text._ZN2bn11bgs_manager15decrease_usagesEPv
                0x0800c8ec       0xa8 bn_bgs_manager.o
                0x0800c8ec                bn::bgs_manager::decrease_usages(void*)
 .text._ZN2bn14regular_bg_ptrD2Ev
                0x0800c994       0x18 bn_bgs_manager.o
                0x0800c994                bn::regular_bg_ptr::~regular_bg_ptr()
                0x0800c994                bn::regular_bg_ptr::~regular_bg_ptr()
 .text.startup._GLOBAL__sub_I__ZN2bn3bgs16used_items_countEv
                0x0800c9ac       0x90 bn_bgs_manager.o
 .text._ZN2bn10camera_ptrC2ERKS0_
                0x0800ca3c       0x20 bn_cameras_manager.o
                0x0800ca3c                bn::camera_ptr::camera_ptr(bn::camera_ptr const&)
                0x0800ca3c                bn::camera_ptr::camera_ptr(bn::camera_ptr const&)
 .text._ZN2bn10camera_ptrD2Ev
                0x0800ca5c       0x38 bn_cameras_manager.o
                0x0800ca5c                bn::camera_ptr::~camera_ptr()
                0x0800ca5c                bn::camera_ptr::~camera_ptr()
 .text._ZNK2bn10camera_ptr8positionEv
                0x0800ca94       0x14 bn_cameras_manager.o
                0x0800ca94                bn::camera_ptr::position() const
 .text._ZN2bn10camera_ptr12set_positionENS_7fixed_tILi12EEES2_
                0x0800caa8       0x38 bn_cameras_manager.o
                0x0800caa8                bn::camera_ptr::set_position(bn::fixed_t<12>, bn::fixed_t<12>)
 .text._ZN2bn15cameras_manager4initEv
                0x0800cae0       0x24 bn_cameras_manager.o
                0x0800cae0                bn::cameras_manager::init()
 .text._ZN2bn15cameras_manager6updateEv
                0x0800cb04       0x28 bn_cameras_manager.o
                0x0800cb04                bn::cameras_manager::update()
 .text._ZN2bn10camera_ptr6createENS_7fixed_tILi12EEES2_
                0x0800cb2c       0x58 bn_cameras_manager.o
                0x0800cb2c                bn::camera_ptr::create(bn::fixed_t<12>, bn::fixed_t<12>)
 .text.startup._GLOBAL__sub_I__ZN2bn7cameras16used_items_countEv
                0x0800cb84       0x24 bn_cameras_manager.o
 .text._ZN2bn4core12_GLOBAL__N_14stopEb
                0x0800cba8       0x54 bn_core.o
 .text._ZN2bn4core12_GLOBAL__N_111update_implEv
                0x0800cbfc      0x104 bn_core.o
 .text._ZN2bn11string_viewC2EPKc
                0x0800cd00       0x1c bn_core.o
                0x0800cd00                bn::string_view::string_view(char const*)
                0x0800cd00                bn::string_view::string_view(char const*)
 .text._ZN3_bn6assert12_GLOBAL__N_110_show_implEPKcS3_S3_iRKN2bn11string_viewE
                0x0800cd1c       0x80 bn_core.o
 .text._ZN2bn4core6updateEv
                0x0800cd9c       0x6c bn_core.o
                0x0800cd9c                bn::core::update()
 .text._ZN2bn4core4initERKNS_8optionalINS_5colorEEERKNS_11string_viewE
                0x0800ce08      0x128 bn_core.o
                0x0800ce08                bn::core::init(bn::optional<bn::color> const&, bn::string_view const&)
 .text._ZN2bn4core4initEv
                0x0800cf30       0x24 bn_core.o
                0x0800cf30                bn::core::init()
 .text._ZN2bn4core9on_vblankEv
                0x0800cf54       0x2c bn_core.o
                0x0800cf54                bn::core::on_vblank()
 .text._ZN3_bn6assert4showEPKcS2_S2_iRKN2bn12istring_baseE
                0x0800cf80       0x18 bn_core.o
                0x0800cf80                _bn::assert::show(char const*, char const*, char const*, int, bn::istring_base const&)
 .text.startup._GLOBAL__sub_I__ZN2bn4core4initEv
                0x0800cf98       0x4c bn_core.o
 .text._ZN2bn15display_manager12_GLOBAL__N_111static_dataD2Ev
                0x0800cfe4       0x34 bn_display_manager.o
 .text._ZN2bn15display_manager12_GLOBAL__N_134_update_rect_windows_hw_boundariesEi
                0x0800d018       0x80 bn_display_manager.o
 .text._ZN2bn6window11set_show_bgERKNS_14regular_bg_ptrEb
                0x0800d098       0x14 bn_display_manager.o
                0x0800d098                bn::window::set_show_bg(bn::regular_bg_ptr const&, bool)
 .text._ZN2bn15display_manager4initEv
                0x0800d0ac       0xa4 bn_display_manager.o
                0x0800d0ac                bn::display_manager::init()
 .text._ZN2bn15display_manager8set_modeEi
                0x0800d150       0x1c bn_display_manager.o
                0x0800d150                bn::display_manager::set_mode(int)
 .text._ZN2bn15display_manager14set_bg_enabledEib
                0x0800d16c       0x18 bn_display_manager.o
                0x0800d16c                bn::display_manager::set_bg_enabled(int, bool)
 .text._ZN2bn15display_manager15disable_all_bgsEv
                0x0800d184       0x14 bn_display_manager.o
                0x0800d184                bn::display_manager::disable_all_bgs()
 .text._ZN2bn15display_manager36fill_mosaic_hblank_effect_attributesEPKNS_17mosaic_attributesEPt
                0x0800d198       0xb4 bn_display_manager.o
                0x0800d198                bn::display_manager::fill_mosaic_hblank_effect_attributes(bn::mosaic_attributes const*, unsigned short*)
 .text._ZN2bn15display_manager27set_blending_top_bg_enabledEib
                0x0800d24c       0x20 bn_display_manager.o
                0x0800d24c                bn::display_manager::set_blending_top_bg_enabled(int, bool)
 .text._ZN2bn15display_manager30set_blending_bottom_bg_enabledEib
                0x0800d26c       0x20 bn_display_manager.o
                0x0800d26c                bn::display_manager::set_blending_bottom_bg_enabled(int, bool)
 .text._ZN2bn15display_manager32blending_transparency_top_weightEv
                0x0800d28c       0x18 bn_display_manager.o
                0x0800d28c                bn::display_manager::blending_transparency_top_weight()
 .text._ZN2bn15display_manager35blending_transparency_bottom_weightEv
                0x0800d2a4       0x28 bn_display_manager.o
                0x0800d2a4                bn::display_manager::blending_transparency_bottom_weight()
 .text._ZN2bn15display_manager51fill_blending_transparency_hblank_effect_attributesEPKNS_32blending_transparency_attributesEPt
                0x0800d2cc       0x30 bn_display_manager.o
                0x0800d2cc                bn::display_manager::fill_blending_transparency_hblank_effect_attributes(bn::blending_transparency_attributes const*, unsigned short*)
 .text._ZN2bn15display_manager21blending_fade_enabledEv
                0x0800d2fc        0xc bn_display_manager.o
                0x0800d2fc                bn::display_manager::blending_fade_enabled()
 .text._ZN2bn15display_manager39fill_blending_fade_hblank_effect_alphasEPKNS_19blending_fade_alphaEPt
                0x0800d308       0x24 bn_display_manager.o
                0x0800d308                bn::display_manager::fill_blending_fade_hblank_effect_alphas(bn::blending_fade_alpha const*, unsigned short*)
 .text._ZN2bn15display_manager26update_windows_visible_bgsEv
                0x0800d32c       0x14 bn_display_manager.o
                0x0800d32c                bn::display_manager::update_windows_visible_bgs()
 .text._ZN2bn15display_manager36rect_window_hw_horizontal_boundariesEi
                0x0800d340       0x14 bn_display_manager.o
                0x0800d340                bn::display_manager::rect_window_hw_horizontal_boundaries(int)
 .text._ZN2bn15display_manager34rect_window_hw_vertical_boundariesEi
                0x0800d354       0x14 bn_display_manager.o
                0x0800d354                bn::display_manager::rect_window_hw_vertical_boundaries(int)
 .text._ZN2bn15display_manager24set_rect_window_top_leftEiRKNS_13fixed_point_tILi12EEE
                0x0800d368       0x40 bn_display_manager.o
                0x0800d368                bn::display_manager::set_rect_window_top_left(int, bn::fixed_point_t<12> const&)
 .text._ZN2bn15display_manager28set_rect_window_bottom_rightEiRKNS_13fixed_point_tILi12EEE
                0x0800d3a8       0x44 bn_display_manager.o
                0x0800d3a8                bn::display_manager::set_rect_window_bottom_right(int, bn::fixed_point_t<12> const&)
 .text._ZN2bn15display_manager22set_rect_window_cameraEiONS_10camera_ptrE
                0x0800d3ec       0x48 bn_display_manager.o
                0x0800d3ec                bn::display_manager::set_rect_window_camera(int, bn::camera_ptr&&)
 .text._ZN2bn11rect_window10set_cameraERKNS_10camera_ptrE
                0x0800d434       0x24 bn_display_manager.o
                0x0800d434                bn::rect_window::set_camera(bn::camera_ptr const&)
 .text._ZN2bn15display_manager52fill_rect_window_hblank_effect_horizontal_boundariesERKSt4pairIiiEPKS1_INS_7fixed_tILi12EEES6_EPt
                0x0800d458      0x13c bn_display_manager.o
                0x0800d458                bn::display_manager::fill_rect_window_hblank_effect_horizontal_boundaries(std::pair<int, int> const&, std::pair<bn::fixed_t<12>, bn::fixed_t<12> > const*, unsigned short*)
 .text._ZN2bn15display_manager50fill_rect_window_hblank_effect_vertical_boundariesERKSt4pairIiiEPKS1_INS_7fixed_tILi12EEES6_EPt
                0x0800d594      0x13c bn_display_manager.o
                0x0800d594                bn::display_manager::fill_rect_window_hblank_effect_vertical_boundaries(std::pair<int, int> const&, std::pair<bn::fixed_t<12>, bn::fixed_t<12> > const*, unsigned short*)
 .text._ZN2bn15display_manager36fill_green_swap_hblank_effect_statesEPKbPt
                0x0800d6d0       0x38 bn_display_manager.o
                0x0800d6d0                bn::display_manager::fill_green_swap_hblank_effect_states(bool const*, unsigned short*)
 .text._ZN2bn15display_manager14update_camerasEv
                0x0800d708       0x40 bn_display_manager.o
                0x0800d708                bn::display_manager::update_cameras()
 .text._ZN2bn15display_manager6updateEv
                0x0800d748      0x268 bn_display_manager.o
                0x0800d748                bn::display_manager::update()
 .text._ZN2bn15display_manager6commitEv
                0x0800d9b0      0x12c bn_display_manager.o
                0x0800d9b0                bn::display_manager::commit()
 .text._ZN2bn15display_manager4stopEv
                0x0800dadc       0x28 bn_display_manager.o
                0x0800dadc                bn::display_manager::stop()
 .text._ZN3_bn6assert9show_argsIA66_cEEvPKcS4_S4_iRKT_
                0x0800db04       0x50 bn_display_manager.o
                0x0800db04                void _bn::assert::show_args<char [66]>(char const*, char const*, char const*, int, char const (&) [66])
 .text._ZN2bn13ostringstream11append_argsINS_7fixed_tILi12EEEJA4_cS3_EEEvRKT_DpRKT0_.isra.0
                0x0800db54       0xb4 bn_display_manager.o
 .text._ZN3_bn6assert9show_argsIJA24_cN2bn7fixed_tILi12EEEA4_cS5_EEEvPKcS8_S8_iDpRKT_
                0x0800dc08       0x5c bn_display_manager.o
                0x0800dc08                void _bn::assert::show_args<char [24], bn::fixed_t<12>, char [4], bn::fixed_t<12> >(char const*, char const*, char const*, int, char const (&) [24], bn::fixed_t<12> const&, char const (&) [4], bn::fixed_t<12> const&)
 .text._ZN2bn11rect_window14set_boundariesERKNS_13fixed_point_tILi12EEES4_
                0x0800dc64       0x8c bn_display_manager.o
                0x0800dc64                bn::rect_window::set_boundaries(bn::fixed_point_t<12> const&, bn::fixed_point_t<12> const&)
 .text._ZN2bn11rect_window14set_boundariesENS_7fixed_tILi12EEES2_S2_S2_
                0x0800dcf0       0x1c bn_display_manager.o
                0x0800dcf0                bn::rect_window::set_boundaries(bn::fixed_t<12>, bn::fixed_t<12>, bn::fixed_t<12>, bn::fixed_t<12>)
 .text.startup._GLOBAL__sub_I__ZNK2bn6window7show_bgERKNS_14regular_bg_ptrE
                0x0800dd0c       0xa4 bn_display_manager.o
 .text._ZN2bn12gpio_manager5sleepEv
                0x0800ddb0       0x28 bn_gpio_manager.o
                0x0800ddb0                bn::gpio_manager::sleep()
 .text._ZN2bn22hblank_effects_manager12_GLOBAL__N_19item_type18_output_values_ptrEv
                0x0800ddd8       0x40 bn_hblank_effects_manager.o
 .text._ZN2bn22hblank_effects_manager7disableEv
                0x0800de18       0x24 bn_hblank_effects_manager.o
                0x0800de18                bn::hblank_effects_manager::disable()
 .text._ZN2bn22hblank_effects_manager6commitEv
                0x0800de3c       0x78 bn_hblank_effects_manager.o
                0x0800de3c                bn::hblank_effects_manager::commit()
 .text._ZN2bn22hblank_effects_manager12_GLOBAL__N_110_is_uint32ENS0_12handler_typeE
                0x0800deb4       0x64 bn_hblank_effects_manager.o
 .text._ZN2bn22hblank_effects_manager12_GLOBAL__N_19item_type12check_updateEv
                0x0800df18     0x1640 bn_hblank_effects_manager.o
 .text._ZN3_bn6assert9show_argsIA18_cEEvPKcS4_S4_iRKT_
                0x0800f558       0x50 bn_hblank_effects_manager.o
                0x0800f558                void _bn::assert::show_args<char [18]>(char const*, char const*, char const*, int, char const (&) [18])
 .text._ZN2bn22hblank_effects_manager6updateEv
                0x0800f5a8      0x1ec bn_hblank_effects_manager.o
                0x0800f5a8                bn::hblank_effects_manager::update()
 .text._ZN2bn22hblank_effects_manager4initEv
                0x0800f794      0x190 bn_hblank_effects_manager.o
                0x0800f794                bn::hblank_effects_manager::init()
 .text.startup._GLOBAL__sub_I__ZN2bn4hbes10used_countEv
                0x0800f924       0xe8 bn_hblank_effects_manager.o
 .text._ZN2bn12hdma_manager4initEv
                0x0800fa0c       0x40 bn_hdma_manager.o
                0x0800fa0c                bn::hdma_manager::init()
 .text._ZN2bn12hdma_manager10force_stopEv
                0x0800fa4c       0x3c bn_hdma_manager.o
                0x0800fa4c                bn::hdma_manager::force_stop()
 .text._ZN2bn12hdma_manager7disableEv
                0x0800fa88       0x30 bn_hdma_manager.o
                0x0800fa88                bn::hdma_manager::disable()
 .text._ZN2bn12hdma_manager6updateEv
                0x0800fab8       0x6c bn_hdma_manager.o
                0x0800fab8                bn::hdma_manager::update()
 .text._ZN2bn12hdma_manager6commitEb
                0x0800fb24      0x120 bn_hdma_manager.o
                0x0800fb24                bn::hdma_manager::commit(bool)
 .text.startup._GLOBAL__sub_I__ZN2bn4hdma7runningEv
                0x0800fc44       0x34 bn_hdma_manager.o
 .text._ZN2bn6keypad9a_pressedEv
                0x0800fc78       0x10 bn_keypad_manager.o
                0x0800fc78                bn::keypad::a_pressed()
 .text._ZN2bn6keypad9b_pressedEv
                0x0800fc88       0x10 bn_keypad_manager.o
                0x0800fc88                bn::keypad::b_pressed()
 .text._ZN2bn6keypad13start_pressedEv
                0x0800fc98       0x10 bn_keypad_manager.o
                0x0800fc98                bn::keypad::start_pressed()
 .text._ZN2bn6keypad10right_heldEv
                0x0800fca8       0x10 bn_keypad_manager.o
                0x0800fca8                bn::keypad::right_held()
 .text._ZN2bn6keypad9left_heldEv
                0x0800fcb8       0x10 bn_keypad_manager.o
                0x0800fcb8                bn::keypad::left_held()
 .text._ZN2bn6keypad7up_heldEv
                0x0800fcc8       0x10 bn_keypad_manager.o
                0x0800fcc8                bn::keypad::up_held()
 .text._ZN2bn6keypad9down_heldEv
                0x0800fcd8       0x10 bn_keypad_manager.o
                0x0800fcd8                bn::keypad::down_held()
 .text._ZN2bn14keypad_manager4stopEv
                0x0800fce8        0x4 bn_keypad_manager.o
                0x0800fce8                bn::keypad_manager::stop()
 .text._ZN2bn14keypad_manager6updateEv
                0x0800fcec       0xa8 bn_keypad_manager.o
                0x0800fcec                bn::keypad_manager::update()
 .text._ZN2bn14keypad_manager4initERKNS_11string_viewE
                0x0800fd94       0x64 bn_keypad_manager.o
                0x0800fd94                bn::keypad_manager::init(bn::string_view const&)
 .text._ZN3_bn6assert9show_argsIA16_cEEvPKcS4_S4_iRKT_
                0x0800fdf8       0x50 bn_keypad_manager.o
                0x0800fdf8                void _bn::assert::show_args<char [16]>(char const*, char const*, char const*, int, char const (&) [16])
 .text._ZN2bn12link_manager4initEv
                0x0800fe48        0xc bn_link_manager.o
                0x0800fe48                bn::link_manager::init()
 .text._ZN2bn12link_manager6activeEv
                0x0800fe54        0xc bn_link_manager.o
                0x0800fe54                bn::link_manager::active()
 .text._ZN2bn12link_manager7disableEv
                0x0800fe60       0x18 bn_link_manager.o
                0x0800fe60                bn::link_manager::disable()
 .text._ZN2bn14memory_manager12_GLOBAL__N_111static_dataD2Ev
                0x0800fe78       0x10 bn_memory_manager.o
 .text._ZN2bn14memory_manager4initEv
                0x0800fe88       0x2c bn_memory_manager.o
                0x0800fe88                bn::memory_manager::init()
 .text.startup._GLOBAL__sub_I__Znwj
                0x0800feb4       0x20 bn_memory_manager.o
 .text._ZN2bn16palettes_manager12_GLOBAL__N_111static_dataD2Ev
                0x0800fed4        0x4 bn_palettes_manager.o
 .text._ZN2bn2hw8palettes9grayscaleEPKNS_5colorEiiPS2_.part.0
                0x0800fed8       0x40 bn_palettes_manager.o
 .text._ZN2bn14bg_palette_ptrC2ERKS0_
                0x0800ff18       0x2c bn_palettes_manager.o
                0x0800ff18                bn::bg_palette_ptr::bg_palette_ptr(bn::bg_palette_ptr const&)
                0x0800ff18                bn::bg_palette_ptr::bg_palette_ptr(bn::bg_palette_ptr const&)
 .text._ZNK2bn14bg_palette_ptr3bppEv
                0x0800ff44       0x20 bn_palettes_manager.o
                0x0800ff44                bn::bg_palette_ptr::bpp() const
 .text._ZN2bn18sprite_palette_ptrC2ERKS0_
                0x0800ff64       0x1c bn_palettes_manager.o
                0x0800ff64                bn::sprite_palette_ptr::sprite_palette_ptr(bn::sprite_palette_ptr const&)
                0x0800ff64                bn::sprite_palette_ptr::sprite_palette_ptr(bn::sprite_palette_ptr const&)
 .text._ZNK2bn18sprite_palette_ptr3bppEv
                0x0800ff80       0x1c bn_palettes_manager.o
                0x0800ff80                bn::sprite_palette_ptr::bpp() const
 .text._ZNK2bn13palettes_bank10log_statusEv
                0x0800ff9c      0x178 bn_palettes_manager.o
                0x0800ff9c                bn::palettes_bank::log_status() const
 .text._ZN2bn13palettes_bank10find_bpp_4ERKNS_4spanIKNS_5colorEEEt
                0x08010114      0x11c bn_palettes_manager.o
                0x08010114                bn::palettes_bank::find_bpp_4(bn::span<bn::color const> const&, unsigned short)
 .text._ZNK2bn13palettes_bank20retrieve_commit_dataEv
                0x08010230       0x4c bn_palettes_manager.o
                0x08010230                bn::palettes_bank::retrieve_commit_data() const
 .text._ZNK2bn13palettes_bank21_apply_global_effectsEiPNS_5colorE
                0x0801027c      0x13c bn_palettes_manager.o
                0x0801027c                bn::palettes_bank::_apply_global_effects(int, bn::color*) const
 .text._ZNK2bn13palettes_bank25fill_hblank_effect_colorsEPKNS_5colorEPt
                0x080103b8       0x30 bn_palettes_manager.o
                0x080103b8                bn::palettes_bank::fill_hblank_effect_colors(bn::color const*, unsigned short*) const
 .text._ZNK2bn13palettes_bank7palette13apply_effectsEiPNS_5colorE
                0x080103e8       0xbc bn_palettes_manager.o
                0x080103e8                bn::palettes_bank::palette::apply_effects(int, bn::color*) const
 .text._ZNK2bn13palettes_bank25fill_hblank_effect_colorsEiPKNS_5colorEPt
                0x080104a4       0x44 bn_palettes_manager.o
                0x080104a4                bn::palettes_bank::fill_hblank_effect_colors(int, bn::color const*, unsigned short*) const
 .text._ZN2bn13palettes_bank15_update_paletteEi
                0x080104e8       0x6c bn_palettes_manager.o
                0x080104e8                bn::palettes_bank::_update_palette(int)
 .text._ZN2bn13palettes_bank6updateEv
                0x08010554      0x130 bn_palettes_manager.o
                0x08010554                bn::palettes_bank::update()
 .text._ZN2bn13palettes_bankC2Ev
                0x08010684       0xd4 bn_palettes_manager.o
                0x08010684                bn::palettes_bank::palettes_bank()
                0x08010684                bn::palettes_bank::palettes_bank()
 .text._ZN2bn16palettes_manager4initERKNS_8optionalINS_5colorEEE
                0x08010758      0x184 bn_palettes_manager.o
                0x08010758                bn::palettes_manager::init(bn::optional<bn::color> const&)
 .text._ZN2bn16palettes_manager20sprite_palettes_bankEv
                0x080108dc        0x8 bn_palettes_manager.o
                0x080108dc                bn::palettes_manager::sprite_palettes_bank()
 .text._ZN2bn16palettes_manager16bg_palettes_bankEv
                0x080108e4        0x8 bn_palettes_manager.o
                0x080108e4                bn::palettes_manager::bg_palettes_bank()
 .text._ZN2bn16palettes_manager6updateEv
                0x080108ec       0x20 bn_palettes_manager.o
                0x080108ec                bn::palettes_manager::update()
 .text._ZN2bn16palettes_manager6commitEb
                0x0801090c      0x108 bn_palettes_manager.o
                0x0801090c                bn::palettes_manager::commit(bool)
 .text._ZN2bn16palettes_manager4stopEv
                0x08010a14       0x20 bn_palettes_manager.o
                0x08010a14                bn::palettes_manager::stop()
 .text._ZN3_bn6assert9show_argsIA35_cEEvPKcS4_S4_iRKT_
                0x08010a34       0x50 bn_palettes_manager.o
                0x08010a34                void _bn::assert::show_args<char [35]>(char const*, char const*, char const*, int, char const (&) [35])
 .text._ZN2bn13palettes_bank11colors_hashERKNS_4spanIKNS_5colorEEE
                0x08010a84       0x48 bn_palettes_manager.o
                0x08010a84                bn::palettes_bank::colors_hash(bn::span<bn::color const> const&)
 .text._ZN3_bn6assert9show_argsIJA43_ciA36_cA42_cEEEvPKcS6_S6_iDpRKT_
                0x08010acc       0x68 bn_palettes_manager.o
                0x08010acc                void _bn::assert::show_args<char [43], int, char [36], char [42]>(char const*, char const*, char const*, int, char const (&) [43], int const&, char const (&) [36], char const (&) [42])
 .text._ZN2bn13palettes_bank12create_bpp_8ERKNS_4spanIKNS_5colorEEENS_16compression_typeEb
                0x08010b34      0x22c bn_palettes_manager.o
                0x08010b34                bn::palettes_bank::create_bpp_8(bn::span<bn::color const> const&, bn::compression_type, bool)
 .text._ZNK2bn19sprite_palette_item10decompressENS_4spanINS_5colorEEE
                0x08010d60      0x16c bn_palettes_manager.o
                0x08010d60                bn::sprite_palette_item::decompress(bn::span<bn::color>) const
 .text._ZNK2bn15bg_palette_item10decompressENS_4spanINS_5colorEEE
                0x08010ecc      0x16c bn_palettes_manager.o
                0x08010ecc                bn::bg_palette_item::decompress(bn::span<bn::color>) const
 .text._ZN2bn13palettes_bank12create_bpp_4ERKNS_4spanIKNS_5colorEEEtb
                0x08011038      0x298 bn_palettes_manager.o
                0x08011038                bn::palettes_bank::create_bpp_4(bn::span<bn::color const> const&, unsigned short, bool)
 .text._ZN2bn12_GLOBAL__N_112_create_implERKNS_15bg_palette_itemEb
                0x080112d0       0x94 bn_palettes_manager.o
 .text._ZN2bn14bg_palette_ptr6createERKNS_15bg_palette_itemE
                0x08011364       0x54 bn_palettes_manager.o
                0x08011364                bn::bg_palette_ptr::create(bn::bg_palette_item const&)
 .text._ZNK2bn15bg_palette_item14create_paletteEv
                0x080113b8       0x10 bn_palettes_manager.o
                0x080113b8                bn::bg_palette_item::create_palette() const
 .text._ZN2bn12_GLOBAL__N_112_create_implERKNS_19sprite_palette_itemEb
                0x080113c8       0x7c bn_palettes_manager.o
 .text._ZNK2bn19sprite_palette_item14create_paletteEv
                0x08011444       0x48 bn_palettes_manager.o
                0x08011444                bn::sprite_palette_item::create_palette() const
 .text._ZN2bn14iunordered_mapItsNS_15identity_hasherENS_8equal_toItEEE5eraseERKNS4_14const_iteratorE.isra.0
                0x0801148c      0x1b4 bn_palettes_manager.o
 .text._ZN2bn13palettes_bank15decrease_usagesEi.part.0
                0x08011640       0xdc bn_palettes_manager.o
 .text._ZN2bn18sprite_palette_ptrD2Ev
                0x0801171c       0x30 bn_palettes_manager.o
                0x0801171c                bn::sprite_palette_ptr::~sprite_palette_ptr()
                0x0801171c                bn::sprite_palette_ptr::~sprite_palette_ptr()
 .text._ZN2bn14bg_palette_ptrD2Ev
                0x0801174c       0x3c bn_palettes_manager.o
                0x0801174c                bn::bg_palette_ptr::~bg_palette_ptr()
                0x0801174c                bn::bg_palette_ptr::~bg_palette_ptr()
 .text._ZN2bn14bg_palette_ptraSERKS0_
                0x08011788       0x5c bn_palettes_manager.o
                0x08011788                bn::bg_palette_ptr::operator=(bn::bg_palette_ptr const&)
 .text.startup._GLOBAL__sub_I__ZN2bn11bg_palettes17used_colors_countEv
                0x080117e4       0x34 bn_palettes_manager.o
 .text._ZN2bn26sprite_affine_mats_manager12_GLOBAL__N_119_sprite_double_sizeILi32ELi16EEEbiiiii
                0x08011818       0x84 bn_sprite_affine_mats_manager.o
 .text._ZN2bn26sprite_affine_mats_manager12_GLOBAL__N_119_sprite_double_sizeILi16ELi32EEEbiiiii
                0x0801189c       0x84 bn_sprite_affine_mats_manager.o
 .text._ZN2bn26sprite_affine_mats_manager12_GLOBAL__N_111static_dataD2Ev
                0x08011920       0x3c bn_sprite_affine_mats_manager.o
 .text._ZNK2bn26sprite_affine_mats_manager12_GLOBAL__N_19item_type18sprite_double_sizeEiRKNS_17sprite_shape_sizeE.isra.0
                0x0801195c      0x1ac bn_sprite_affine_mats_manager.o
 .text._ZNK2bn21sprite_affine_mat_ptr15horizontal_flipEv
                0x08011b08       0x18 bn_sprite_affine_mats_manager.o
                0x08011b08                bn::sprite_affine_mat_ptr::horizontal_flip() const
 .text._ZN2bn21sprite_affine_mat_ptr19set_horizontal_flipEb
                0x08011b20       0x78 bn_sprite_affine_mats_manager.o
                0x08011b20                bn::sprite_affine_mat_ptr::set_horizontal_flip(bool)
 .text._ZNK2bn21sprite_affine_mat_ptr13vertical_flipEv
                0x08011b98       0x18 bn_sprite_affine_mats_manager.o
                0x08011b98                bn::sprite_affine_mat_ptr::vertical_flip() const
 .text._ZNK2bn21sprite_affine_mat_ptr16flipped_identityEv
                0x08011bb0       0x14 bn_sprite_affine_mats_manager.o
                0x08011bb0                bn::sprite_affine_mat_ptr::flipped_identity() const
 .text._ZN2bn26sprite_affine_mats_manager13attach_spriteEiRNS_24intrusive_list_node_typeE
                0x08011bc4       0x2c bn_sprite_affine_mats_manager.o
                0x08011bc4                bn::sprite_affine_mats_manager::attach_sprite(int, bn::intrusive_list_node_type&)
 .text._ZN2bn26sprite_affine_mats_manager18sprite_double_sizeEiRKNS_17sprite_shape_sizeE
                0x08011bf0       0x4c bn_sprite_affine_mats_manager.o
                0x08011bf0                bn::sprite_affine_mats_manager::sprite_double_size(int, bn::sprite_shape_size const&)
 .text._ZN2bn26sprite_affine_mats_manager20retrieve_commit_dataEv
                0x08011c3c       0x38 bn_sprite_affine_mats_manager.o
                0x08011c3c                bn::sprite_affine_mats_manager::retrieve_commit_data()
 .text._ZN3_bn6assert9show_argsIA37_cEEvPKcS4_S4_iRKT_
                0x08011c74       0x50 bn_sprite_affine_mats_manager.o
                0x08011c74                void _bn::assert::show_args<char [37]>(char const*, char const*, char const*, int, char const (&) [37])
 .text._ZN2bn26sprite_affine_mats_manager15decrease_usagesEi.part.0
                0x08011cc4       0x70 bn_sprite_affine_mats_manager.o
 .text._ZN2bn21sprite_affine_mat_ptrD2Ev
                0x08011d34       0x34 bn_sprite_affine_mats_manager.o
                0x08011d34                bn::sprite_affine_mat_ptr::~sprite_affine_mat_ptr()
                0x08011d34                bn::sprite_affine_mat_ptr::~sprite_affine_mat_ptr()
 .text._ZN2bn26sprite_affine_mats_manager6updateEv
                0x08011d68      0x300 bn_sprite_affine_mats_manager.o
                0x08011d68                bn::sprite_affine_mats_manager::update()
 .text._ZN2bn26sprite_affine_mats_manager4initEPv
                0x08012068      0x108 bn_sprite_affine_mats_manager.o
                0x08012068                bn::sprite_affine_mats_manager::init(void*)
 .text._ZN2bn26sprite_affine_mats_manager14dettach_spriteEiRNS_24intrusive_list_node_typeE
                0x08012170       0x50 bn_sprite_affine_mats_manager.o
                0x08012170                bn::sprite_affine_mats_manager::dettach_sprite(int, bn::intrusive_list_node_type&)
 .text.startup._GLOBAL__sub_I__ZN2bn18sprite_affine_mats10used_countEv
                0x080121c0       0xb4 bn_sprite_affine_mats_manager.o
 .text._ZN2bn21sprite_text_generator5_initEv
                0x08012274      0x180 bn_sprite_text_generator.o
                0x08012274                bn::sprite_text_generator::_init()
 .text._ZN2bn21sprite_text_generatorC2ERKNS_11sprite_fontE
                0x080123f4       0x2c bn_sprite_text_generator.o
                0x080123f4                bn::sprite_text_generator::sprite_text_generator(bn::sprite_font const&)
                0x080123f4                bn::sprite_text_generator::sprite_text_generator(bn::sprite_font const&)
 .text._ZN3_bn6assert9show_argsIA54_cEEvPKcS4_S4_iRKT_
                0x08012420       0x50 bn_sprite_text_generator.o
                0x08012420                void _bn::assert::show_args<char [54]>(char const*, char const*, char const*, int, char const (&) [54])
 .text._ZN3_bn6assert9show_argsIJA25_ciA4_ctEEEvPKcS5_S5_iDpRKT_
                0x08012470       0x6c bn_sprite_text_generator.o
                0x08012470                void _bn::assert::show_args<char [25], int, char [4], unsigned short>(char const*, char const*, char const*, int, char const (&) [25], int const&, char const (&) [4], unsigned short const&)
 .text._ZN2bn14utf8_characterC2ERKc
                0x080124dc      0x140 bn_sprite_text_generator.o
                0x080124dc                bn::utf8_character::utf8_character(char const&)
                0x080124dc                bn::utf8_character::utf8_character(char const&)
 .text._ZN2bn12_GLOBAL__N_115_graphics_indexEcRKNS_23utf8_characters_map_refEPKcRi.part.0
                0x0801261c       0x8c bn_sprite_text_generator.o
 .text._ZN2bn21sprite_text_generator16set_palette_itemERKNS_19sprite_palette_itemE
                0x080126a8       0x3c bn_sprite_text_generator.o
                0x080126a8                bn::sprite_text_generator::set_palette_item(bn::sprite_palette_item const&)
 .text._ZN3_bn6assert9show_argsIJA20_ccA9_cN2bn11string_viewEA2_cEEEvPKcS8_S8_iDpRKT_
                0x080126e4       0x70 bn_sprite_text_generator.o
                0x080126e4                void _bn::assert::show_args<char [20], char, char [9], bn::string_view, char [2]>(char const*, char const*, char const*, int, char const (&) [20], char const&, char const (&) [9], bn::string_view const&, char const (&) [2])
 .text._ZNK2bn21sprite_text_generator5widthERKNS_11string_viewE
                0x08012754      0x244 bn_sprite_text_generator.o
                0x08012754                bn::sprite_text_generator::width(bn::string_view const&) const
 .text._ZN3_bn6assert9show_argsIA55_cEEvPKcS4_S4_iRKT_
                0x08012998       0x50 bn_sprite_text_generator.o
                0x08012998                void _bn::assert::show_args<char [55]>(char const*, char const*, char const*, int, char const (&) [55])
 .text._ZN2bn12_GLOBAL__N_120_build_sprite_assertILNS_11sprite_sizeE2EEEPNS_4tileERKNS_21sprite_text_generatorERKNS_18sprite_palette_ptrERKNS_13fixed_point_tILi12EEERNS_7ivectorINS_10sprite_ptrEEE
                0x080129e8      0x1b4 bn_sprite_text_generator.o
 .text._ZN2bn12_GLOBAL__N_120_build_sprite_assertILNS_11sprite_sizeE1EEEPNS_4tileERKNS_21sprite_text_generatorERKNS_18sprite_palette_ptrERKNS_13fixed_point_tILi12EEERNS_7ivectorINS_10sprite_ptrEEE
                0x08012b9c      0x1b4 bn_sprite_text_generator.o
 .text._ZN2bn12_GLOBAL__N_19_generateILb0EEEbRKNS_21sprite_text_generatorERKNS_13fixed_point_tILi12EEERKNS_11string_viewERKNS_23utf8_characters_map_refEiibRNS_7ivectorINS_10sprite_ptrEEE.isra.0
                0x08012d50     0x11f0 bn_sprite_text_generator.o
 .text._ZNK2bn21sprite_text_generator8generateENS_7fixed_tILi12EEES2_RKNS_11string_viewERNS_7ivectorINS_10sprite_ptrEEE
                0x08013f40       0x3c bn_sprite_text_generator.o
                0x08013f40                bn::sprite_text_generator::generate(bn::fixed_t<12>, bn::fixed_t<12>, bn::string_view const&, bn::ivector<bn::sprite_ptr>&) const
 .text._ZNK2bn16sprite_tiles_ptr2idEv
                0x08013f7c       0x18 bn_sprite_tiles_manager.o
                0x08013f7c                bn::sprite_tiles_ptr::id() const
 .text._ZNK2bn16sprite_tiles_ptr11tiles_countEv
                0x08013f94       0x18 bn_sprite_tiles_manager.o
                0x08013f94                bn::sprite_tiles_ptr::tiles_count() const
 .text._ZN2bn20sprite_tiles_manager10log_statusEv
                0x08013fac      0x1ec bn_sprite_tiles_manager.o
                0x08013fac                bn::sprite_tiles_manager::log_status()
 .text._ZN2bn20sprite_tiles_manager19commit_uncompressedEb
                0x08014198       0xdc bn_sprite_tiles_manager.o
                0x08014198                bn::sprite_tiles_manager::commit_uncompressed(bool)
 .text._ZN3_bn6assert9show_argsIA27_chEEvPKcS4_S4_iRKT_RKT0_
                0x08014274       0x58 bn_sprite_tiles_manager.o
                0x08014274                void _bn::assert::show_args<char [27], unsigned char>(char const*, char const*, char const*, int, char const (&) [27], unsigned char const&)
 .text._ZN3_bn6assert9show_argsIJA44_cPKN2bn4tileEA4_cS6_EEEvPKcS9_S9_iDpRKT_
                0x080142cc       0x6c bn_sprite_tiles_manager.o
                0x080142cc                void _bn::assert::show_args<char [44], bn::tile const*, char [4], bn::tile const*>(char const*, char const*, char const*, int, char const (&) [44], bn::tile const* const&, char const (&) [4], bn::tile const* const&)
 .text._ZN3_bn6assert9show_argsIJA46_ciA4_cjEEEvPKcS5_S5_iDpRKT_
                0x08014338       0x6c bn_sprite_tiles_manager.o
                0x08014338                void _bn::assert::show_args<char [46], int, char [4], unsigned int>(char const*, char const*, char const*, int, char const (&) [46], int const&, char const (&) [4], unsigned int const&)
 .text._ZN2bn20sprite_tiles_manager12_GLOBAL__N_110_hw_commitEPKNS_4tileENS_16compression_typeEii
                0x080143a4       0x9c bn_sprite_tiles_manager.o
 .text._ZN2bn20sprite_tiles_manager17commit_compressedEv
                0x08014440       0x68 bn_sprite_tiles_manager.o
                0x08014440                bn::sprite_tiles_manager::commit_compressed()
 .text._ZN3_bn6assert9show_argsIJA28_cA15_cPKN2bn4tileEA16_ciA34_cNS4_11string_viewEEEEvPKcSC_SC_iDpRKT_
                0x080144a8       0x84 bn_sprite_tiles_manager.o
                0x080144a8                void _bn::assert::show_args<char [28], char [15], bn::tile const*, char [16], int, char [34], bn::string_view>(char const*, char const*, char const*, int, char const (&) [28], char const (&) [15], bn::tile const* const&, char const (&) [16], int const&, char const (&) [34], bn::string_view const&)
 .text._ZN3_bn6assert9show_argsIJA44_ciA34_cN2bn11string_viewEEEEvPKcS7_S7_iDpRKT_
                0x0801452c       0x68 bn_sprite_tiles_manager.o
                0x0801452c                void _bn::assert::show_args<char [44], int, char [34], bn::string_view>(char const*, char const*, char const*, int, char const (&) [44], int const&, char const (&) [34], bn::string_view const&)
 .text._ZN2bn20sprite_tiles_manager4initEv
                0x08014594      0x190 bn_sprite_tiles_manager.o
                0x08014594                bn::sprite_tiles_manager::init()
 .text._ZN2bn20sprite_tiles_manager12_GLOBAL__N_122_insert_to_commit_itemEiRNS1_9item_typeE.part.0
                0x08014724       0x6c bn_sprite_tiles_manager.o
 .text._ZN2bn20sprite_tiles_manager12_GLOBAL__N_117_insert_free_itemEiPt
                0x08014790       0xcc bn_sprite_tiles_manager.o
 .text._ZN2bn20sprite_tiles_manager12_GLOBAL__N_116_erase_free_itemEi
                0x0801485c       0xe4 bn_sprite_tiles_manager.o
 .text._ZN2bn20sprite_tiles_manager12_GLOBAL__N_121_erase_to_commit_itemEiRNS1_9item_typeE
                0x08014940      0x100 bn_sprite_tiles_manager.o
 .text._ZN2bn20sprite_tiles_manager15decrease_usagesEi
                0x08014a40      0x134 bn_sprite_tiles_manager.o
                0x08014a40                bn::sprite_tiles_manager::decrease_usages(int)
 .text._ZN2bn16sprite_tiles_ptrD2Ev
                0x08014b74       0x18 bn_sprite_tiles_manager.o
                0x08014b74                bn::sprite_tiles_ptr::~sprite_tiles_ptr()
                0x08014b74                bn::sprite_tiles_ptr::~sprite_tiles_ptr()
 .text._ZN2bn20sprite_tiles_manager12_GLOBAL__N_110_find_implEPKNS_4tileENS_16compression_typeEi
                0x08014b8c      0x28c bn_sprite_tiles_manager.o
 .text._ZN2bn20sprite_tiles_manager4vramEi
                0x08014e18       0x4c bn_sprite_tiles_manager.o
                0x08014e18                bn::sprite_tiles_manager::vram(int)
 .text._ZN2bn16sprite_tiles_ptr4vramEv
                0x08014e64       0x14 bn_sprite_tiles_manager.o
                0x08014e64                bn::sprite_tiles_ptr::vram()
 .text._ZN2bn14iunordered_mapIPKNS_4tileEiNS_4hashIS3_EENS_8equal_toIS3_EEE5eraseERKNS8_14const_iteratorE.isra.0
                0x08014e78      0x1b4 bn_sprite_tiles_manager.o
 .text._ZN2bn20sprite_tiles_manager12_GLOBAL__N_112_create_itemEiPKNS_4tileENS_16compression_typeEib
                0x0801502c      0x26c bn_sprite_tiles_manager.o
 .text._ZN2bn20sprite_tiles_manager12_GLOBAL__N_114_allocate_implEi
                0x08015298       0xf8 bn_sprite_tiles_manager.o
 .text._ZN2bn20sprite_tiles_manager8allocateEiNS_8bpp_modeE
                0x08015390       0xc4 bn_sprite_tiles_manager.o
                0x08015390                bn::sprite_tiles_manager::allocate(int, bn::bpp_mode)
 .text._ZN2bn16sprite_tiles_ptr8allocateEiNS_8bpp_modeE
                0x08015454       0x18 bn_sprite_tiles_manager.o
                0x08015454                bn::sprite_tiles_ptr::allocate(int, bn::bpp_mode)
 .text._ZN2bn20sprite_tiles_manager6updateEv
                0x0801546c      0x238 bn_sprite_tiles_manager.o
                0x0801546c                bn::sprite_tiles_manager::update()
 .text._ZN2bn20sprite_tiles_manager12_GLOBAL__N_112_create_implEPKNS_4tileENS_16compression_typeEi
                0x080156a4      0x200 bn_sprite_tiles_manager.o
 .text._ZN2bn20sprite_tiles_manager6createERKNS_4spanIKNS_4tileEEENS_16compression_typeE
                0x080158a4      0x140 bn_sprite_tiles_manager.o
                0x080158a4                bn::sprite_tiles_manager::create(bn::span<bn::tile const> const&, bn::compression_type)
 .text._ZN2bn16sprite_tiles_ptr6createERKNS_17sprite_tiles_itemE
                0x080159e4       0x84 bn_sprite_tiles_manager.o
                0x080159e4                bn::sprite_tiles_ptr::create(bn::sprite_tiles_item const&)
 .text._ZNK2bn17sprite_tiles_item12create_tilesEv
                0x08015a68       0x10 bn_sprite_tiles_manager.o
                0x08015a68                bn::sprite_tiles_item::create_tiles() const
 .text._ZN2bn16sprite_tiles_ptr6createERKNS_17sprite_tiles_itemEi
                0x08015a78       0xbc bn_sprite_tiles_manager.o
                0x08015a78                bn::sprite_tiles_ptr::create(bn::sprite_tiles_item const&, int)
 .text._ZNK2bn17sprite_tiles_item12create_tilesEi
                0x08015b34       0xbc bn_sprite_tiles_manager.o
                0x08015b34                bn::sprite_tiles_item::create_tiles(int) const
 .text.startup._GLOBAL__sub_I__ZN2bn12sprite_tiles16used_tiles_countEv
                0x08015bf0      0x12c bn_sprite_tiles_manager.o
 .text._ZN2bn15sprites_manager12_GLOBAL__N_132_always_update_indexes_to_commitERKNS_20sprites_manager_itemE
                0x08015d1c       0x48 bn_sprites_manager.o
 .text._ZN2bn15sprites_manager12_GLOBAL__N_111static_dataD2Ev
                0x08015d64       0x44 bn_sprites_manager.o
 .text._ZN2bn13ostringstream11append_argsIiJA4_ciEEEvRKT_DpRKT0_.isra.0
                0x08015da8       0x24 bn_sprites_manager.o
 .text._ZN2bn15sprites_manager12_GLOBAL__N_123_update_item_dimensionsERNS_20sprites_manager_itemE
                0x08015dcc       0xcc bn_sprites_manager.o
 .text._ZN2bn10sprite_ptrC2ERKS0_
                0x08015e98        0xc bn_sprites_manager.o
                0x08015e98                bn::sprite_ptr::sprite_ptr(bn::sprite_ptr const&)
                0x08015e98                bn::sprite_ptr::sprite_ptr(bn::sprite_ptr const&)
 .text._ZN2bn10sprite_ptr12set_positionENS_7fixed_tILi12EEES2_
                0x08015ea4       0x6c bn_sprites_manager.o
                0x08015ea4                bn::sprite_ptr::set_position(bn::fixed_t<12>, bn::fixed_t<12>)
 .text._ZN2bn10sprite_ptr19set_horizontal_flipEb
                0x08015f10       0x54 bn_sprites_manager.o
                0x08015f10                bn::sprite_ptr::set_horizontal_flip(bool)
 .text._ZN2bn10sprite_ptr11set_visibleEb
                0x08015f64       0x64 bn_sprites_manager.o
                0x08015f64                bn::sprite_ptr::set_visible(bool)
 .text._ZN2bn15sprites_manager4initEv
                0x08015fc8       0xd0 bn_sprites_manager.o
                0x08015fc8                bn::sprites_manager::init()
 .text._ZN2bn15sprites_manager5hw_idEPv
                0x08016098        0x8 bn_sprites_manager.o
                0x08016098                bn::sprites_manager::hw_id(void*)
 .text._ZN2bn15sprites_manager5shapeEPv
                0x080160a0        0x8 bn_sprites_manager.o
                0x080160a0                bn::sprites_manager::shape(void*)
 .text._ZN2bn15sprites_manager4sizeEPv
                0x080160a8        0x8 bn_sprites_manager.o
                0x080160a8                bn::sprites_manager::size(void*)
 .text._ZN2bn15sprites_manager10shape_sizeEPv
                0x080160b0       0x14 bn_sprites_manager.o
                0x080160b0                bn::sprites_manager::shape_size(void*)
 .text._ZN2bn15sprites_manager11hw_positionEPv
                0x080160c4        0x4 bn_sprites_manager.o
                0x080160c4                bn::sprites_manager::hw_position(void*)
 .text._ZN2bn15sprites_manager9view_modeEPv
                0x080160c8        0xc bn_sprites_manager.o
                0x080160c8                bn::sprites_manager::view_mode(void*)
 .text._ZN2bn15sprites_manager10set_cameraEPvONS_10camera_ptrE
                0x080160d4       0xa4 bn_sprites_manager.o
                0x080160d4                bn::sprites_manager::set_camera(void*, bn::camera_ptr&&)
 .text._ZN2bn10sprite_ptr10set_cameraERKNS_10camera_ptrE
                0x08016178       0x24 bn_sprites_manager.o
                0x08016178                bn::sprite_ptr::set_camera(bn::camera_ptr const&)
 .text._ZN2bn15sprites_manager10affine_matEPv
                0x0801619c        0x4 bn_sprites_manager.o
                0x0801619c                bn::sprites_manager::affine_mat(void*)
 .text._ZN2bn15sprites_manager39fill_hblank_effect_horizontal_positionsEPviPKNS_7fixed_tILi12EEEPt
                0x080161a0       0x44 bn_sprites_manager.o
                0x080161a0                bn::sprites_manager::fill_hblank_effect_horizontal_positions(void*, int, bn::fixed_t<12> const*, unsigned short*)
 .text._ZN2bn15sprites_manager37fill_hblank_effect_vertical_positionsEPviPKNS_7fixed_tILi12EEEPt
                0x080161e4       0x44 bn_sprites_manager.o
                0x080161e4                bn::sprites_manager::fill_hblank_effect_vertical_positions(void*, int, bn::fixed_t<12> const*, unsigned short*)
 .text._ZN2bn15sprites_manager35fill_hblank_effect_first_attributesEiNS_12sprite_shapeENS_8bpp_modeEiPKNS_23sprite_first_attributesEPt
                0x08016228      0x108 bn_sprites_manager.o
                0x08016228                bn::sprites_manager::fill_hblank_effect_first_attributes(int, bn::sprite_shape, bn::bpp_mode, int, bn::sprite_first_attributes const*, unsigned short*)
 .text._ZN2bn15sprites_manager44fill_hblank_effect_regular_second_attributesEPviNS_11sprite_sizeEPKNS_32sprite_regular_second_attributesEPt
                0x08016330       0x60 bn_sprites_manager.o
                0x08016330                bn::sprites_manager::fill_hblank_effect_regular_second_attributes(void*, int, bn::sprite_size, bn::sprite_regular_second_attributes const*, unsigned short*)
 .text._ZN2bn15sprites_manager43fill_hblank_effect_affine_second_attributesEPviNS_11sprite_sizeEPKNS_31sprite_affine_second_attributesEPt
                0x08016390       0x58 bn_sprites_manager.o
                0x08016390                bn::sprites_manager::fill_hblank_effect_affine_second_attributes(void*, int, bn::sprite_size, bn::sprite_affine_second_attributes const*, unsigned short*)
 .text._ZN2bn15sprites_manager14update_camerasEv
                0x080163e8       0x20 bn_sprites_manager.o
                0x080163e8                bn::sprites_manager::update_cameras()
 .text._ZN2bn15sprites_manager23update_auto_double_sizeEPv
                0x08016408       0x2c bn_sprites_manager.o
                0x08016408                bn::sprites_manager::update_auto_double_size(void*)
 .text._ZN2bn15sprites_manager6commitEb
                0x08016434       0xa4 bn_sprites_manager.o
                0x08016434                bn::sprites_manager::commit(bool)
 .text._ZNK2bn17sprite_shape_size11tiles_countENS_8bpp_modeE.isra.0
                0x080164d8      0x150 bn_sprites_manager.o
 .text._ZN2bn15sprites_manager12_GLOBAL__N_118_remove_affine_matERNS_20sprites_manager_itemE
                0x08016628       0xe8 bn_sprites_manager.o
 .text._ZN2bn15sprites_manager42remove_identity_affine_mat_when_not_neededEPv
                0x08016710        0xc bn_sprites_manager.o
                0x08016710                bn::sprites_manager::remove_identity_affine_mat_when_not_needed(void*)
 .text._ZN2bn14sprite_builder15release_paletteEv
                0x0801671c       0x78 bn_sprites_manager.o
                0x0801671c                bn::sprite_builder::release_palette()
 .text._ZN2bn14sprite_builder13release_tilesEv
                0x08016794       0x78 bn_sprites_manager.o
                0x08016794                bn::sprite_builder::release_tiles()
 .text._ZN2bn15sprites_manager7paletteEPv
                0x0801680c       0x34 bn_sprites_manager.o
                0x0801680c                bn::sprites_manager::palette(void*)
 .text._ZN2bn20sprites_manager_item13_builder_initERKNS_14sprite_builderE
                0x08016840      0x36c bn_sprites_manager.o
                0x08016840                bn::sprites_manager_item::_builder_init(bn::sprite_builder const&)
 .text._ZN2bn14sprite_builder11set_z_orderEi
                0x08016bac       0x48 bn_sprites_manager.o
                0x08016bac                bn::sprite_builder::set_z_order(int)
 .text._ZN2bn14sprite_builderC2ERKNS_17sprite_shape_sizeENS_16sprite_tiles_ptrENS_18sprite_palette_ptrE
                0x08016bf4      0x128 bn_sprites_manager.o
                0x08016bf4                bn::sprite_builder::sprite_builder(bn::sprite_shape_size const&, bn::sprite_tiles_ptr, bn::sprite_palette_ptr)
                0x08016bf4                bn::sprite_builder::sprite_builder(bn::sprite_shape_size const&, bn::sprite_tiles_ptr, bn::sprite_palette_ptr)
 .text._ZN2bn15sprites_manager9set_tilesEPvONS_16sprite_tiles_ptrE
                0x08016d1c      0x138 bn_sprites_manager.o
                0x08016d1c                bn::sprites_manager::set_tiles(void*, bn::sprite_tiles_ptr&&)
 .text._ZN2bn10sprite_ptr9set_tilesEONS_16sprite_tiles_ptrE
                0x08016e54       0x10 bn_sprites_manager.o
                0x08016e54                bn::sprite_ptr::set_tiles(bn::sprite_tiles_ptr&&)
 .text._ZN2bn14sprite_builder15set_bg_priorityEi
                0x08016e64       0x38 bn_sprites_manager.o
                0x08016e64                bn::sprite_builder::set_bg_priority(int)
 .text._ZN2bn15sprites_manager6updateEv
                0x08016e9c      0x160 bn_sprites_manager.o
                0x08016e9c                bn::sprites_manager::update()
 .text._ZN3_bn6assert9show_argsIJA27_ciA4_ciEEEvPKcS5_S5_iDpRKT_
                0x08016ffc       0x5c bn_sprites_manager.o
                0x08016ffc                void _bn::assert::show_args<char [27], int, char [4], int>(char const*, char const*, char const*, int, char const (&) [27], int const&, char const (&) [4], int const&)
 .text._ZN2bn15sprites_manager35fill_hblank_effect_third_attributesENS_17sprite_shape_sizeEPKNS_23sprite_third_attributesEPt
                0x08017058       0xc8 bn_sprites_manager.o
                0x08017058                bn::sprites_manager::fill_hblank_effect_third_attributes(bn::sprite_shape_size, bn::sprite_third_attributes const*, unsigned short*)
 .text._ZN2bn14sorted_sprites6sorter6insertERNS_20sprites_manager_itemE
                0x08017120      0x170 bn_sprites_manager.o
                0x08017120                bn::sorted_sprites::sorter::insert(bn::sprites_manager_item&)
 .text._ZN2bn15sprites_manager6createEONS_14sprite_builderE
                0x08017290      0x180 bn_sprites_manager.o
                0x08017290                bn::sprites_manager::create(bn::sprite_builder&&)
 .text._ZN2bn10sprite_ptr6createEONS_14sprite_builderE
                0x08017410       0x14 bn_sprites_manager.o
                0x08017410                bn::sprite_ptr::create(bn::sprite_builder&&)
 .text._ZN2bn15sprites_manager6createERKNS_13fixed_point_tILi12EEERKNS_17sprite_shape_sizeEONS_16sprite_tiles_ptrEONS_18sprite_palette_ptrE
                0x08017424      0x1dc bn_sprites_manager.o
                0x08017424                bn::sprites_manager::create(bn::fixed_point_t<12> const&, bn::sprite_shape_size const&, bn::sprite_tiles_ptr&&, bn::sprite_palette_ptr&&)
 .text._ZNK2bn11sprite_item13create_spriteENS_7fixed_tILi12EEES2_
                0x08017600       0x44 bn_sprites_manager.o
                0x08017600                bn::sprite_item::create_sprite(bn::fixed_t<12>, bn::fixed_t<12>) const
 .text._ZN2bn15sprites_manager15decrease_usagesEPv
                0x08017644      0x180 bn_sprites_manager.o
                0x08017644                bn::sprites_manager::decrease_usages(void*)
 .text._ZN2bn10sprite_ptrD2Ev
                0x080177c4       0x18 bn_sprites_manager.o
                0x080177c4                bn::sprite_ptr::~sprite_ptr()
                0x080177c4                bn::sprite_ptr::~sprite_ptr()
 .text.startup._GLOBAL__sub_I__ZN2bn7sprites16used_items_countEv
                0x080177dc       0xac bn_sprites_manager.o
 .text._ZN2bn13ostringstreamC2ERNS_12istring_baseE
                0x08017888        0x8 bn_sstream.o
                0x08017888                bn::ostringstream::ostringstream(bn::istring_base&)
                0x08017888                bn::ostringstream::ostringstream(bn::istring_base&)
 .text._ZNK2bn13ostringstream4sizeEv
                0x08017890        0x8 bn_sstream.o
                0x08017890                bn::ostringstream::size() const
 .text._ZN2bn13ostringstream6appendEPKc
                0x08017898       0x94 bn_sstream.o
                0x08017898                bn::ostringstream::append(char const*)
 .text._ZN2bn13ostringstream6appendEi
                0x0801792c       0xa8 bn_sstream.o
                0x0801792c                bn::ostringstream::append(int)
 .text._ZN2bn13ostringstream6appendERKNS_11string_viewE
                0x080179d4       0x9c bn_sstream.o
                0x080179d4                bn::ostringstream::append(bn::string_view const&)
 .text._ZN2bn13ostringstream6appendEj
                0x08017a70       0xa8 bn_sstream.o
                0x08017a70                bn::ostringstream::append(unsigned int)
 .text._ZN2bn13ostringstream6appendEPKv
                0x08017b18       0xfc bn_sstream.o
                0x08017b18                bn::ostringstream::append(void const*)
 .text._ZN2bn13ostringstream16_append_fractionEji
                0x08017c14      0x108 bn_sstream.o
                0x08017c14                bn::ostringstream::_append_fraction(unsigned int, int)
 .text._ZN2bn13ostringstream6appendEc
                0x08017d1c       0x44 bn_sstream.o
                0x08017d1c                bn::ostringstream::append(char)
 .text._ZN2bn18igeneric_pool_baseC2EPci
                0x08017d60       0x10 bn_translation_unit.o
                0x08017d60                bn::igeneric_pool_base::igeneric_pool_base(char*, int)
                0x08017d60                bn::igeneric_pool_base::igeneric_pool_base(char*, int)
 .text._ZN2bn18igeneric_pool_base5_freeEPc
                0x08017d70       0x10 bn_translation_unit.o
                0x08017d70                bn::igeneric_pool_base::_free(char*)
 .text._ZN2bn5timerC2Ev
                0x08017d80       0x24 bn_translation_unit.o
                0x08017d80                bn::timer::timer()
                0x08017d80                bn::timer::timer()
 .text._ZNK2bn5timer13elapsed_ticksEv
                0x08017da4       0x3c bn_translation_unit.o
                0x08017da4                bn::timer::elapsed_ticks() const
 .text._ZN2bn5timer7restartEv
                0x08017de0       0x24 bn_translation_unit.o
                0x08017de0                bn::timer::restart()
 .text._ZN2bn3logERKNS_12istring_baseE
                0x08017e04       0x58 bn_translation_unit.o
                0x08017e04                bn::log(bn::istring_base const&)
 .text._ZN2bn18igeneric_pool_baseD2Ev
                0x08017e5c       0x30 bn_translation_unit.o
                0x08017e5c                bn::igeneric_pool_base::~igeneric_pool_base()
                0x08017e5c                bn::igeneric_pool_base::~igeneric_pool_base()
 .text._ZN2bn18igeneric_pool_base9_allocateEv
                0x08017e8c       0x48 bn_translation_unit.o
                0x08017e8c                bn::igeneric_pool_base::_allocate()
 .text._ZN2bn2hw5audio12_GLOBAL__N_111static_dataD2Ev
                0x08017ed4       0x18 bn_hw_audio.o
 .text._ZN2bn2hw5audio12_GLOBAL__N_17_commitEv
                0x08017eec       0x48 bn_hw_audio.o
 .text._ZN2bn2hw5audio12_GLOBAL__N_115_vblank_handlerEv
                0x08017f34       0x24 bn_hw_audio.o
 .text._ZN2bn2hw5audio4initEv
                0x08017f58       0x9c bn_hw_audio.o
                0x08017f58                bn::hw::audio::init()
 .text._ZN2bn2hw5audio7disableEv
                0x08017ff4       0x34 bn_hw_audio.o
                0x08017ff4                bn::hw::audio::disable()
 .text._ZN2bn2hw5audio13music_playingEv
                0x08018028       0x20 bn_hw_audio.o
                0x08018028                bn::hw::audio::music_playing()
 .text._ZN2bn2hw5audio10play_musicEib
                0x08018048       0x1c bn_hw_audio.o
                0x08018048                bn::hw::audio::play_music(int, bool)
 .text._ZN2bn2hw5audio10stop_musicEv
                0x08018064       0x18 bn_hw_audio.o
                0x08018064                bn::hw::audio::stop_music()
 .text._ZN2bn2hw5audio11pause_musicEv
                0x0801807c       0x18 bn_hw_audio.o
                0x0801807c                bn::hw::audio::pause_music()
 .text._ZN2bn2hw5audio12resume_musicEv
                0x08018094       0x18 bn_hw_audio.o
                0x08018094                bn::hw::audio::resume_music()
 .text._ZN2bn2hw5audio17dmg_music_playingEv
                0x080180ac       0x2c bn_hw_audio.o
                0x080180ac                bn::hw::audio::dmg_music_playing()
 .text._ZN2bn2hw5audio14stop_dmg_musicEv
                0x080180d8       0x28 bn_hw_audio.o
                0x080180d8                bn::hw::audio::stop_dmg_music()
 .text._ZN2bn2hw5audio15pause_dmg_musicEv
                0x08018100       0x28 bn_hw_audio.o
                0x08018100                bn::hw::audio::pause_dmg_music()
 .text._ZN2bn2hw5audio16resume_dmg_musicEv
                0x08018128       0x28 bn_hw_audio.o
                0x08018128                bn::hw::audio::resume_dmg_music()
 .text._ZN2bn2hw5audio18dmg_music_positionERiS2_
                0x08018150       0x2c bn_hw_audio.o
                0x08018150                bn::hw::audio::dmg_music_position(int&, int&)
 .text._ZN2bn2hw5audio6updateEv
                0x0801817c       0x14 bn_hw_audio.o
                0x0801817c                bn::hw::audio::update()
 .text._ZN3_bn6assert9show_argsIA47_ciEEvPKcS4_S4_iRKT_RKT0_
                0x08018190       0x58 bn_hw_audio.o
                0x08018190                void _bn::assert::show_args<char [47], int>(char const*, char const*, char const*, int, char const (&) [47], int const&)
 .text._ZN2bn2hw5audio14play_dmg_musicEPKvNS_14dmg_music_typeEib
                0x080181e8       0x8c bn_hw_audio.o
                0x080181e8                bn::hw::audio::play_dmg_music(void const*, bn::dmg_music_type, int, bool)
 .text._ZN2bn2hw5audio22set_dmg_music_positionEii
                0x08018274       0x54 bn_hw_audio.o
                0x08018274                bn::hw::audio::set_dmg_music_position(int, int)
 .text._ZN2bn2hw5audio20set_dmg_music_volumeEii
                0x080182c8       0x40 bn_hw_audio.o
                0x080182c8                bn::hw::audio::set_dmg_music_volume(int, int)
 .text._ZN3_bn6assert9show_argsIA20_cjEEvPKcS4_S4_iRKT_RKT0_
                0x08018308       0x58 bn_hw_audio.o
                0x08018308                void _bn::assert::show_args<char [20], unsigned int>(char const*, char const*, char const*, int, char const (&) [20], unsigned int const&)
 .text._ZN2bn2hw5audio6commitEv
                0x08018360       0x58 bn_hw_audio.o
                0x08018360                bn::hw::audio::commit()
 .text._ZN2bn2hw5audio12_GLOBAL__N_119_add_sound_to_queueEit
                0x080183b8       0xa0 bn_hw_audio.o
 .text._ZN2bn2hw5audio12_GLOBAL__N_123_erase_sound_from_queueEt
                0x08018458       0x90 bn_hw_audio.o
 .text._ZN2bn2hw5audio10stop_soundEt
                0x080184e8       0x20 bn_hw_audio.o